Archive member included to satisfy reference by file (symbol)

/Applications/STM32CubeIDE.app/Contents/Eclipse/plugins/com.st.stm32cube.ide.mcu.externaltools.gnu-tools-for-stm32.10.3-2021.10.macos64_1.0.0.202111181127/tools/bin/../lib/gcc/arm-none-eabi/10.3.1/../../../../arm-none-eabi/lib/thumb/v7e-m+fp/hard/libc_nano.a(lib_a-errno.o)
                              ./Src/syscalls.o (__errno)
/Applications/STM32CubeIDE.app/Contents/Eclipse/plugins/com.st.stm32cube.ide.mcu.externaltools.gnu-tools-for-stm32.10.3-2021.10.macos64_1.0.0.202111181127/tools/bin/../lib/gcc/arm-none-eabi/10.3.1/../../../../arm-none-eabi/lib/thumb/v7e-m+fp/hard/libc_nano.a(lib_a-exit.o)
                              /Applications/STM32CubeIDE.app/Contents/Eclipse/plugins/com.st.stm32cube.ide.mcu.externaltools.gnu-tools-for-stm32.10.3-2021.10.macos64_1.0.0.202111181127/tools/bin/../lib/gcc/arm-none-eabi/10.3.1/../../../../arm-none-eabi/lib/thumb/v7e-m+fp/hard/crt0.o (exit)
/Applications/STM32CubeIDE.app/Contents/Eclipse/plugins/com.st.stm32cube.ide.mcu.externaltools.gnu-tools-for-stm32.10.3-2021.10.macos64_1.0.0.202111181127/tools/bin/../lib/gcc/arm-none-eabi/10.3.1/../../../../arm-none-eabi/lib/thumb/v7e-m+fp/hard/libc_nano.a(lib_a-impure.o)
                              /Applications/STM32CubeIDE.app/Contents/Eclipse/plugins/com.st.stm32cube.ide.mcu.externaltools.gnu-tools-for-stm32.10.3-2021.10.macos64_1.0.0.202111181127/tools/bin/../lib/gcc/arm-none-eabi/10.3.1/../../../../arm-none-eabi/lib/thumb/v7e-m+fp/hard/libc_nano.a(lib_a-exit.o) (_global_impure_ptr)
/Applications/STM32CubeIDE.app/Contents/Eclipse/plugins/com.st.stm32cube.ide.mcu.externaltools.gnu-tools-for-stm32.10.3-2021.10.macos64_1.0.0.202111181127/tools/bin/../lib/gcc/arm-none-eabi/10.3.1/../../../../arm-none-eabi/lib/thumb/v7e-m+fp/hard/libc_nano.a(lib_a-init.o)
                              /Applications/STM32CubeIDE.app/Contents/Eclipse/plugins/com.st.stm32cube.ide.mcu.externaltools.gnu-tools-for-stm32.10.3-2021.10.macos64_1.0.0.202111181127/tools/bin/../lib/gcc/arm-none-eabi/10.3.1/../../../../arm-none-eabi/lib/thumb/v7e-m+fp/hard/crt0.o (__libc_init_array)
/Applications/STM32CubeIDE.app/Contents/Eclipse/plugins/com.st.stm32cube.ide.mcu.externaltools.gnu-tools-for-stm32.10.3-2021.10.macos64_1.0.0.202111181127/tools/bin/../lib/gcc/arm-none-eabi/10.3.1/../../../../arm-none-eabi/lib/thumb/v7e-m+fp/hard/libc_nano.a(lib_a-memcpy-stub.o)
                              ./Src/lcd.o (memcpy)
/Applications/STM32CubeIDE.app/Contents/Eclipse/plugins/com.st.stm32cube.ide.mcu.externaltools.gnu-tools-for-stm32.10.3-2021.10.macos64_1.0.0.202111181127/tools/bin/../lib/gcc/arm-none-eabi/10.3.1/../../../../arm-none-eabi/lib/thumb/v7e-m+fp/hard/libc_nano.a(lib_a-memset.o)
                              /Applications/STM32CubeIDE.app/Contents/Eclipse/plugins/com.st.stm32cube.ide.mcu.externaltools.gnu-tools-for-stm32.10.3-2021.10.macos64_1.0.0.202111181127/tools/bin/../lib/gcc/arm-none-eabi/10.3.1/../../../../arm-none-eabi/lib/thumb/v7e-m+fp/hard/crt0.o (memset)
/Applications/STM32CubeIDE.app/Contents/Eclipse/plugins/com.st.stm32cube.ide.mcu.externaltools.gnu-tools-for-stm32.10.3-2021.10.macos64_1.0.0.202111181127/tools/bin/../lib/gcc/arm-none-eabi/10.3.1/../../../../arm-none-eabi/lib/thumb/v7e-m+fp/hard/libc_nano.a(lib_a-printf.o)
                              ./Src/main.o (printf)
/Applications/STM32CubeIDE.app/Contents/Eclipse/plugins/com.st.stm32cube.ide.mcu.externaltools.gnu-tools-for-stm32.10.3-2021.10.macos64_1.0.0.202111181127/tools/bin/../lib/gcc/arm-none-eabi/10.3.1/../../../../arm-none-eabi/lib/thumb/v7e-m+fp/hard/libc_nano.a(lib_a-puts.o)
                              ./Src/main.o (puts)
/Applications/STM32CubeIDE.app/Contents/Eclipse/plugins/com.st.stm32cube.ide.mcu.externaltools.gnu-tools-for-stm32.10.3-2021.10.macos64_1.0.0.202111181127/tools/bin/../lib/gcc/arm-none-eabi/10.3.1/../../../../arm-none-eabi/lib/thumb/v7e-m+fp/hard/libc_nano.a(lib_a-setbuf.o)
                              ./Src/30010_io.o (setbuf)
/Applications/STM32CubeIDE.app/Contents/Eclipse/plugins/com.st.stm32cube.ide.mcu.externaltools.gnu-tools-for-stm32.10.3-2021.10.macos64_1.0.0.202111181127/tools/bin/../lib/gcc/arm-none-eabi/10.3.1/../../../../arm-none-eabi/lib/thumb/v7e-m+fp/hard/libc_nano.a(lib_a-setvbuf.o)
                              /Applications/STM32CubeIDE.app/Contents/Eclipse/plugins/com.st.stm32cube.ide.mcu.externaltools.gnu-tools-for-stm32.10.3-2021.10.macos64_1.0.0.202111181127/tools/bin/../lib/gcc/arm-none-eabi/10.3.1/../../../../arm-none-eabi/lib/thumb/v7e-m+fp/hard/libc_nano.a(lib_a-setbuf.o) (setvbuf)
/Applications/STM32CubeIDE.app/Contents/Eclipse/plugins/com.st.stm32cube.ide.mcu.externaltools.gnu-tools-for-stm32.10.3-2021.10.macos64_1.0.0.202111181127/tools/bin/../lib/gcc/arm-none-eabi/10.3.1/../../../../arm-none-eabi/lib/thumb/v7e-m+fp/hard/libc_nano.a(lib_a-sprintf.o)
                              ./Src/main.o (sprintf)
[...]
Memory Configuration

Name             Origin             Length             Attributes
RAM              0x0000000020000000 0x0000000000004000 xrw
ROM              0x0000000008000000 0x0000000000010000 xr
*default*        0x0000000000000000 0xffffffffffffffff

Linker script and memory map

LOAD /Applications/STM32CubeIDE.app/Contents/Eclipse/plugins/com.st.stm32cube.ide.mcu.externaltools.gnu-tools-for-stm32.10.3-2021.10.macos64_1.0.0.202111181127/tools/bin/../lib/gcc/arm-none-eabi/10.3.1/thumb/v7e-m+fp/hard/crti.o
LOAD /Applications/STM32CubeIDE.app/Contents/Eclipse/plugins/com.st.stm32cube.ide.mcu.externaltools.gnu-tools-for-stm32.10.3-2021.10.macos64_1.0.0.202111181127/tools/bin/../lib/gcc/arm-none-eabi/10.3.1/thumb/v7e-m+fp/hard/crtbegin.o
LOAD /Applications/STM32CubeIDE.app/Contents/Eclipse/plugins/com.st.stm32cube.ide.mcu.externaltools.gnu-tools-for-stm32.10.3-2021.10.macos64_1.0.0.202111181127/tools/bin/../lib/gcc/arm-none-eabi/10.3.1/../../../../arm-none-eabi/lib/thumb/v7e-m+fp/hard/crt0.o
LOAD ./SPL/src/stm32f30x_adc.o
LOAD ./SPL/src/stm32f30x_can.o
LOAD ./SPL/src/stm32f30x_comp.o
LOAD ./SPL/src/stm32f30x_crc.o
LOAD ./SPL/src/stm32f30x_dac.o
LOAD ./SPL/src/stm32f30x_dbgmcu.o
LOAD ./SPL/src/stm32f30x_dma.o
LOAD ./SPL/src/stm32f30x_exti.o
LOAD ./SPL/src/stm32f30x_flash.o
LOAD ./SPL/src/stm32f30x_gpio.o
LOAD ./SPL/src/stm32f30x_i2c.o
LOAD ./SPL/src/stm32f30x_iwdg.o
LOAD ./SPL/src/stm32f30x_misc.o
LOAD ./SPL/src/stm32f30x_opamp.o
LOAD ./SPL/src/stm32f30x_pwr.o
LOAD ./SPL/src/stm32f30x_rcc.o
LOAD ./SPL/src/stm32f30x_rtc.o
LOAD ./SPL/src/stm32f30x_spi.o
LOAD ./SPL/src/stm32f30x_syscfg.o
LOAD ./SPL/src/stm32f30x_tim.o
LOAD ./SPL/src/stm32f30x_usart.o
LOAD ./SPL/src/stm32f30x_wwdg.o
LOAD ./Src/30010_io.o
LOAD ./Src/lcd.o
LOAD ./Src/main.o
LOAD ./Src/syscalls.o
LOAD ./Src/sysmem.o
LOAD ./Src/system_stm32f30x.o
LOAD ./Startup/startup_stm32f302r8tx.o
START GROUP
LOAD /Applications/STM32CubeIDE.app/Contents/Eclipse/plugins/com.st.stm32cube.ide.mcu.externaltools.gnu-tools-for-stm32.10.3-2021.10.macos64_1.0.0.202111181127/tools/bin/../lib/gcc/arm-none-eabi/10.3.1/../../../../arm-none-eabi/lib/thumb/v7e-m+fp/hard/libc_nano.a
LOAD /Applications/STM32CubeIDE.app/Contents/Eclipse/plugins/com.st.stm32cube.ide.mcu.externaltools.gnu-tools-for-stm32.10.3-2021.10.macos64_1.0.0.202111181127/tools/bin/../lib/gcc/arm-none-eabi/10.3.1/../../../../arm-none-eabi/lib/thumb/v7e-m+fp/hard/libm.a
END GROUP
START GROUP
LOAD /Applications/STM32CubeIDE.app/Contents/Eclipse/plugins/com.st.stm32cube.ide.mcu.externaltools.gnu-tools-for-stm32.10.3-2021.10.macos64_1.0.0.202111181127/tools/bin/../lib/gcc/arm-none-eabi/10.3.1/thumb/v7e-m+fp/hard/libgcc.a
LOAD /Applications/STM32CubeIDE.app/Contents/Eclipse/plugins/com.st.stm32cube.ide.mcu.externaltools.gnu-tools-for-stm32.10.3-2021.10.macos64_1.0.0.202111181127/tools/bin/../lib/gcc/arm-none-eabi/10.3.1/../../../../arm-none-eabi/lib/thumb/v7e-m+fp/hard/libc_nano.a
END GROUP
START GROUP
LOAD /Applications/STM32CubeIDE.app/Contents/Eclipse/plugins/com.st.stm32cube.ide.mcu.externaltools.gnu-tools-for-stm32.10.3-2021.10.macos64_1.0.0.202111181127/tools/bin/../lib/gcc/arm-none-eabi/10.3.1/thumb/v7e-m+fp/hard/libgcc.a
LOAD /Applications/STM32CubeIDE.app/Contents/Eclipse/plugins/com.st.stm32cube.ide.mcu.externaltools.gnu-tools-for-stm32.10.3-2021.10.macos64_1.0.0.202111181127/tools/bin/../lib/gcc/arm-none-eabi/10.3.1/../../../../arm-none-eabi/lib/thumb/v7e-m+fp/hard/libc_nano.a
LOAD /Applications/STM32CubeIDE.app/Contents/Eclipse/plugins/com.st.stm32cube.ide.mcu.externaltools.gnu-tools-for-stm32.10.3-2021.10.macos64_1.0.0.202111181127/tools/bin/../lib/gcc/arm-none-eabi/10.3.1/../../../../arm-none-eabi/lib/thumb/v7e-m+fp/hard/libnosys.a
END GROUP
START GROUP
LOAD /Applications/STM32CubeIDE.app/Contents/Eclipse/plugins/com.st.stm32cube.ide.mcu.externaltools.gnu-tools-for-stm32.10.3-2021.10.macos64_1.0.0.202111181127/tools/bin/../lib/gcc/arm-none-eabi/10.3.1/thumb/v7e-m+fp/hard/libgcc.a
LOAD /Applications/STM32CubeIDE.app/Contents/Eclipse/plugins/com.st.stm32cube.ide.mcu.externaltools.gnu-tools-for-stm32.10.3-2021.10.macos64_1.0.0.202111181127/tools/bin/../lib/gcc/arm-none-eabi/10.3.1/../../../../arm-none-eabi/lib/thumb/v7e-m+fp/hard/libc_nano.a
LOAD /Applications/STM32CubeIDE.app/Contents/Eclipse/plugins/com.st.stm32cube.ide.mcu.externaltools.gnu-tools-for-stm32.10.3-2021.10.macos64_1.0.0.202111181127/tools/bin/../lib/gcc/arm-none-eabi/10.3.1/../../../../arm-none-eabi/lib/thumb/v7e-m+fp/hard/libnosys.a
END GROUP
LOAD /Applications/STM32CubeIDE.app/Contents/Eclipse/plugins/com.st.stm32cube.ide.mcu.externaltools.gnu-tools-for-stm32.10.3-2021.10.macos64_1.0.0.202111181127/tools/bin/../lib/gcc/arm-none-eabi/10.3.1/thumb/v7e-m+fp/hard/crtend.o
LOAD /Applications/STM32CubeIDE.app/Contents/Eclipse/plugins/com.st.stm32cube.ide.mcu.externaltools.gnu-tools-for-stm32.10.3-2021.10.macos64_1.0.0.202111181127/tools/bin/../lib/gcc/arm-none-eabi/10.3.1/thumb/v7e-m+fp/hard/crtn.o
                0x0000000020004000                _estack = (ORIGIN (RAM) + LENGTH (RAM))
                0x0000000000000200                _Min_Heap_Size = 0x200
                0x0000000000000400                _Min_Stack_Size = 0x400

.isr_vector     0x0000000008000000      0x188
                0x0000000008000000                . = ALIGN (0x4)
 *(.isr_vector)
 .isr_vector    0x0000000008000000      0x188 ./Startup/startup_stm32f302r8tx.o
                0x0000000008000000                g_pfnVectors
                0x0000000008000188                . = ALIGN (0x4)

.text           0x0000000008000190     0x36a8
                0x0000000008000190                . = ALIGN (0x4)
 *(.text)
 .text          0x0000000008000190       0x40 /Applications/STM32CubeIDE.app/Contents/Eclipse/plugins/com.st.stm32cube.ide.mcu.externaltools.gnu-tools-for-stm32.10.3-2021.10.macos64_1.0.0.202111181127/tools/bin/../lib/gcc/arm-none-eabi/10.3.1/thumb/v7e-m+fp/hard/crtbegin.o
 .text          0x00000000080001d0       0xa0 /Applications/STM32CubeIDE.app/Contents/Eclipse/plugins/com.st.stm32cube.ide.mcu.externaltools.gnu-tools-for-stm32.10.3-2021.10.macos64_1.0.0.202111181127/tools/bin/../lib/gcc/arm-none-eabi/10.3.1/../../../../arm-none-eabi/lib/thumb/v7e-m+fp/hard/libc_nano.a(lib_a-memchr.o)
                0x00000000080001d0                memchr
 *(.text*)
 .text.ADC_Init
                0x0000000008000270       0x84 ./SPL/src/stm32f30x_adc.o
                0x0000000008000270                ADC_Init
 .text.ADC_StructInit
                0x00000000080002f4       0x44 ./SPL/src/stm32f30x_adc.o
                0x00000000080002f4                ADC_StructInit
 .text.ADC_Cmd  0x0000000008000338       0x38 ./SPL/src/stm32f30x_adc.o
                0x0000000008000338                ADC_Cmd
 .text.ADC_StartCalibration
                0x0000000008000370       0x20 ./SPL/src/stm32f30x_adc.o
                0x0000000008000370                ADC_StartCalibration
 .text.ADC_SelectCalibrationMode
                0x0000000008000390       0x2e ./SPL/src/stm32f30x_adc.o
                0x0000000008000390                ADC_SelectCalibrationMode
 .text.ADC_GetCalibrationStatus
                0x00000000080003be       0x2c ./SPL/src/stm32f30x_adc.o
                0x00000000080003be                ADC_GetCalibrationStatus
 .text.ADC_VoltageRegulatorCmd
                0x00000000080003ea       0x44 ./SPL/src/stm32f30x_adc.o
                0x00000000080003ea                ADC_VoltageRegulatorCmd
 .text.ADC_RegularChannelConfig
                0x000000000800042e      0x1f0 ./SPL/src/stm32f30x_adc.o
                0x000000000800042e                ADC_RegularChannelConfig
 .text.ADC_StartConversion
                0x000000000800061e       0x20 ./SPL/src/stm32f30x_adc.o
                0x000000000800061e                ADC_StartConversion
 .text.ADC_GetConversionValue
                0x000000000800063e       0x1a ./SPL/src/stm32f30x_adc.o
                0x000000000800063e                ADC_GetConversionValue
 .text.ADC_GetFlagStatus
                0x0000000008000658       0x32 ./SPL/src/stm32f30x_adc.o
                0x0000000008000658                ADC_GetFlagStatus
 .text.GPIO_Init
                0x000000000800068a      0x12c ./SPL/src/stm32f30x_gpio.o
                0x000000000800068a                GPIO_Init
 .text.GPIO_StructInit
                0x00000000080007b6       0x34 ./SPL/src/stm32f30x_gpio.o
                0x00000000080007b6                GPIO_StructInit
 *fill*         0x00000000080007ea        0x2 
 .text.NVIC_PriorityGroupConfig
                0x00000000080007ec       0x28 ./SPL/src/stm32f30x_misc.o
                0x00000000080007ec                NVIC_PriorityGroupConfig
 .text.NVIC_Init
                0x0000000008000814       0xc8 ./SPL/src/stm32f30x_misc.o
                0x0000000008000814                NVIC_Init
 .text.RCC_GetClocksFreq
                0x00000000080008dc      0x428 ./SPL/src/stm32f30x_rcc.o
                0x00000000080008dc                RCC_GetClocksFreq
 .text.RCC_ADCCLKConfig
                0x0000000008000d04       0x50 ./SPL/src/stm32f30x_rcc.o
                0x0000000008000d04                RCC_ADCCLKConfig
 .text.RCC_AHBPeriphClockCmd
                0x0000000008000d54       0x40 ./SPL/src/stm32f30x_rcc.o
                0x0000000008000d54                RCC_AHBPeriphClockCmd
 .text.RCC_APB1PeriphClockCmd
                0x0000000008000d94       0x40 ./SPL/src/stm32f30x_rcc.o
                0x0000000008000d94                RCC_APB1PeriphClockCmd
 .text.SPI_SendData8
                0x0000000008000dd4       0x2c ./SPL/src/stm32f30x_spi.o
                0x0000000008000dd4                SPI_SendData8
 .text.SPI_I2S_GetFlagStatus
                0x0000000008000e00       0x38 ./SPL/src/stm32f30x_spi.o
                0x0000000008000e00                SPI_I2S_GetFlagStatus
 .text.TIM_TimeBaseInit
                0x0000000008000e38       0xf0 ./SPL/src/stm32f30x_tim.o
                0x0000000008000e38                TIM_TimeBaseInit
 .text.TIM_TimeBaseStructInit
                0x0000000008000f28       0x34 ./SPL/src/stm32f30x_tim.o
                0x0000000008000f28                TIM_TimeBaseStructInit
 .text.TIM_Cmd  0x0000000008000f5c       0x40 ./SPL/src/stm32f30x_tim.o
                0x0000000008000f5c                TIM_Cmd
 .text.TIM_ITConfig
                0x0000000008000f9c       0x40 ./SPL/src/stm32f30x_tim.o
                0x0000000008000f9c                TIM_ITConfig
 .text.TIM_GetITStatus
                0x0000000008000fdc       0x54 ./SPL/src/stm32f30x_tim.o
                0x0000000008000fdc                TIM_GetITStatus
 .text.TIM_ClearITPendingBit
                0x0000000008001030       0x24 ./SPL/src/stm32f30x_tim.o
                0x0000000008001030                TIM_ClearITPendingBit
 .text.USART_SendData
                0x0000000008001054       0x24 ./SPL/src/stm32f30x_usart.o
                0x0000000008001054                USART_SendData
 .text.USART_ITConfig
                0x0000000008001078       0x84 ./SPL/src/stm32f30x_usart.o
                0x0000000008001078                USART_ITConfig
 .text.USART_GetFlagStatus
                0x00000000080010fc       0x32 ./SPL/src/stm32f30x_usart.o
                0x00000000080010fc                USART_GetFlagStatus
 .text.USART_GetITStatus
                0x000000000800112e       0xa0 ./SPL/src/stm32f30x_usart.o
                0x000000000800112e                USART_GetITStatus
 *fill*         0x00000000080011ce        0x2 
 .text.NVIC_EnableIRQ
                0x00000000080011d0       0x34 ./Src/30010_io.o
 .text.uart_put_char
                0x0000000008001204       0x34 ./Src/30010_io.o
                0x0000000008001204                uart_put_char
 .text._write_r
                0x0000000008001238       0x4c ./Src/30010_io.o
                0x0000000008001238                _write_r
 .text.USART2_IRQHandler
                0x0000000008001284       0x74 ./Src/30010_io.o
                0x0000000008001284                USART2_IRQHandler
 .text.uart_init
                0x00000000080012f8      0x234 ./Src/30010_io.o
                0x00000000080012f8                uart_init
 .text.lcd_transmit_byte
                0x000000000800152c       0x64 ./Src/lcd.o
                0x000000000800152c                lcd_transmit_byte
 .text.lcd_push_buffer
                0x0000000008001590      0x186 ./Src/lcd.o
                0x0000000008001590                lcd_push_buffer
 *fill*         0x0000000008001716        0x2 
 .text.lcd_reset
                0x0000000008001718       0xe0 ./Src/lcd.o
                0x0000000008001718                lcd_reset
 .text.init_spi_lcd
                0x00000000080017f8      0x2b8 ./Src/lcd.o
                0x00000000080017f8                init_spi_lcd
 .text.generate_line_buff
                0x0000000008001ab0      0x10c ./Src/lcd.o
                0x0000000008001ab0                generate_line_buff
 .text.write_line_buff
                0x0000000008001bbc       0x74 ./Src/lcd.o
                0x0000000008001bbc                write_line_buff
 .text.lcd_write_string
                0x0000000008001c30       0x8c ./Src/lcd.o
                0x0000000008001c30                lcd_write_string
 .text.ADC_setup_PA
                0x0000000008001cbc       0xa4 ./Src/main.o
                0x0000000008001cbc                ADC_setup_PA
 .text.adc_calibrate
                0x0000000008001d60       0x80 ./Src/main.o
                0x0000000008001d60                adc_calibrate
 .text.ADC_measure_PA
                0x0000000008001de0       0x5e ./Src/main.o
                0x0000000008001de0                ADC_measure_PA
 .text.initTimer
                0x0000000008001e3e       0x72 ./Src/main.o
                0x0000000008001e3e                initTimer
 .text.TIM2_IRQHandler
                0x0000000008001eb0       0x2c ./Src/main.o
                0x0000000008001eb0                TIM2_IRQHandler
 .text.main     0x0000000008001edc      0x120 ./Src/main.o
                0x0000000008001edc                main
 .text._read    0x0000000008001ffc       0x3a ./Src/syscalls.o
                0x0000000008001ffc                _read
 .text._close   0x0000000008002036       0x18 ./Src/syscalls.o
                0x0000000008002036                _close
 .text._fstat   0x000000000800204e       0x20 ./Src/syscalls.o
                0x000000000800204e                _fstat
 .text._isatty  0x000000000800206e       0x16 ./Src/syscalls.o
                0x000000000800206e                _isatty
 .text._lseek   0x0000000008002084       0x1a ./Src/syscalls.o
                0x0000000008002084                _lseek
 *fill*         0x000000000800209e        0x2 
 .text._sbrk    0x00000000080020a0       0x58 ./Src/sysmem.o
                0x00000000080020a0                _sbrk
 .text.SystemInit
                0x00000000080020f8       0x94 ./Src/system_stm32f30x.o
                0x00000000080020f8                SystemInit
 .text.SetSysClock
                0x000000000800218c       0x94 ./Src/system_stm32f30x.o
 .text.Reset_Handler
                0x0000000008002220       0x50 ./Startup/startup_stm32f302r8tx.o
                0x0000000008002220                Reset_Handler
 .text.Default_Handler
                0x0000000008002270        0x2 ./Startup/startup_stm32f302r8tx.o
                0x0000000008002270                TIM1_BRK_TIM15_IRQHandler
                0x0000000008002270                TIM8_CC_IRQHandler
                0x0000000008002270                DebugMon_Handler
                0x0000000008002270                DMA1_CH4_IRQHandler
                0x0000000008002270                TIM1_CC_IRQHandler
                0x0000000008002270                HardFault_Handler
                0x0000000008002270                USB_HP_IRQHandler
                0x0000000008002270                I2C2_EV_EXTI24_IRQHandler
                0x0000000008002270                SysTick_Handler
                0x0000000008002270                USB_WKUP_EXTI_IRQHandler
                0x0000000008002270                PVD_IRQHandler
                0x0000000008002270                UART4_EXTI34_IRQHandler
                0x0000000008002270                TAMP_STAMP_IRQHandler
                0x0000000008002270                PendSV_Handler
                0x0000000008002270                NMI_Handler
                0x0000000008002270                EXTI3_IRQHandler
                0x0000000008002270                TIM6_DACUNDER_IRQHandler
                0x0000000008002270                USB_HP_CAN_TX_IRQHandler
                0x0000000008002270                EXTI0_IRQHandler
                0x0000000008002270                DMA2_CH1_IRQHandler
                0x0000000008002270                FPU_IRQHandler
                0x0000000008002270                TIM1_UP_TIM16_IRQHandler
                0x0000000008002270                UsageFault_Handler
                0x0000000008002270                ADC1_2_IRQHandler
                0x0000000008002270                SPI1_IRQHandler
                0x0000000008002270                CAN_SCE_IRQHandler
                0x0000000008002270                DMA1_CH7_IRQHandler
                0x0000000008002270                TIM8_UP_IRQHandler
                0x0000000008002270                DMA1_CH6_IRQHandler
                0x0000000008002270                ADC3_IRQHandler
                0x0000000008002270                TIM4_IRQHandler
                0x0000000008002270                CAN_RX1_IRQHandler
                0x0000000008002270                USART1_EXTI25_IRQHandler
                0x0000000008002270                DMA2_CH5_IRQHandler
                0x0000000008002270                I2C1_EV_EXTI23_IRQHandler
                0x0000000008002270                DMA1_CH3_IRQHandler
                0x0000000008002270                TIM3_IRQHandler
                0x0000000008002270                RCC_IRQHandler
                0x0000000008002270                Default_Handler
                0x0000000008002270                EXTI15_10_IRQHandler
                0x0000000008002270                USART2_EXTI26_IRQHandler
                0x0000000008002270                USART3_EXTI28_IRQHandler
                0x0000000008002270                TIM7_IRQHandler
                0x0000000008002270                EXTI9_5_IRQHandler
                0x0000000008002270                DMA1_CH2_IRQHandler
                0x0000000008002270                RTC_WKUP_IRQHandler
                0x0000000008002270                SPI2_IRQHandler
                0x0000000008002270                DMA1_CH1_IRQHandler
                0x0000000008002270                USB_LP_CAN_RX0_IRQHandler
                0x0000000008002270                MemManage_Handler
                0x0000000008002270                SVC_Handler
                0x0000000008002270                USB_LP_IRQHandler
                0x0000000008002270                EXTI4_IRQHandler
                0x0000000008002270                TIM1_TRG_COM_TIM17_IRQHandler
                0x0000000008002270                ADC4_IRQHandler
                0x0000000008002270                WWDG_IRQHandler
                0x0000000008002270                EXTI1_IRQHandler
                0x0000000008002270                RTCAlarm_IRQHandler
                0x0000000008002270                UART5_EXTI35_IRQHandler
                0x0000000008002270                I2C2_ER_IRQHandler
                0x0000000008002270                TIM8_BRK_IRQHandler
                0x0000000008002270                FLASH_IRQHandler
                0x0000000008002270                BusFault_Handler
                0x0000000008002270                SPI3_IRQHandler
                0x0000000008002270                DMA2_CH3_IRQHandler
                0x0000000008002270                DMA2_CH2_IRQHandler
                0x0000000008002270                I2C1_ER_IRQHandler
                0x0000000008002270                FMC_IRQHandler
                0x0000000008002270                DMA1_CH5_IRQHandler
                0x0000000008002270                DMA2_CH4_IRQHandler
                0x0000000008002270                USB_WKUP_IRQHandler
                0x0000000008002270                EXTI2_TSC_IRQHandler
                0x0000000008002270                TIM8_TRG_COM_IRQHandler
 *fill*         0x0000000008002272        0x2 
 .text.__errno  0x0000000008002274        0xc /Applications/STM32CubeIDE.app/Contents/Eclipse/plugins/com.st.stm32cube.ide.mcu.externaltools.gnu-tools-for-stm32.10.3-2021.10.macos64_1.0.0.202111181127/tools/bin/../lib/gcc/arm-none-eabi/10.3.1/../../../../arm-none-eabi/lib/thumb/v7e-m+fp/hard/libc_nano.a(lib_a-errno.o)
                0x0000000008002274                __errno
 .text.__libc_init_array
                0x0000000008002280       0x48 /Applications/STM32CubeIDE.app/Contents/Eclipse/plugins/com.st.stm32cube.ide.mcu.externaltools.gnu-tools-for-stm32.10.3-2021.10.macos64_1.0.0.202111181127/tools/bin/../lib/gcc/arm-none-eabi/10.3.1/../../../../arm-none-eabi/lib/thumb/v7e-m+fp/hard/libc_nano.a(lib_a-init.o)
                0x0000000008002280                __libc_init_array
 .text.memcpy   0x00000000080022c8       0x1c /Applications/STM32CubeIDE.app/Contents/Eclipse/plugins/com.st.stm32cube.ide.mcu.externaltools.gnu-tools-for-stm32.10.3-2021.10.macos64_1.0.0.202111181127/tools/bin/../lib/gcc/arm-none-eabi/10.3.1/../../../../arm-none-eabi/lib/thumb/v7e-m+fp/hard/libc_nano.a(lib_a-memcpy-stub.o)
                0x00000000080022c8                memcpy
 .text.memset   0x00000000080022e4       0x10 /Applications/STM32CubeIDE.app/Contents/Eclipse/plugins/com.st.stm32cube.ide.mcu.externaltools.gnu-tools-for-stm32.10.3-2021.10.macos64_1.0.0.202111181127/tools/bin/../lib/gcc/arm-none-eabi/10.3.1/../../../../arm-none-eabi/lib/thumb/v7e-m+fp/hard/libc_nano.a(lib_a-memset.o)
                0x00000000080022e4                memset
 .text.printf   0x00000000080022f4       0x30 /Applications/STM32CubeIDE.app/Contents/Eclipse/plugins/com.st.stm32cube.ide.mcu.externaltools.gnu-tools-for-stm32.10.3-2021.10.macos64_1.0.0.202111181127/tools/bin/../lib/gcc/arm-none-eabi/10.3.1/../../../../arm-none-eabi/lib/thumb/v7e-m+fp/hard/libc_nano.a(lib_a-printf.o)
                0x00000000080022f4                printf
                0x00000000080022f4                iprintf
 .text._puts_r  0x0000000008002324       0xdc /Applications/STM32CubeIDE.app/Contents/Eclipse/plugins/com.st.stm32cube.ide.mcu.externaltools.gnu-tools-for-stm32.10.3-2021.10.macos64_1.0.0.202111181127/tools/bin/../lib/gcc/arm-none-eabi/10.3.1/../../../../arm-none-eabi/lib/thumb/v7e-m+fp/hard/libc_nano.a(lib_a-puts.o)
                0x0000000008002324                _puts_r
 .text.puts     0x0000000008002400       0x10 /Applications/STM32CubeIDE.app/Contents/Eclipse/plugins/com.st.stm32cube.ide.mcu.externaltools.gnu-tools-for-stm32.10.3-2021.10.macos64_1.0.0.202111181127/tools/bin/../lib/gcc/arm-none-eabi/10.3.1/../../../../arm-none-eabi/lib/thumb/v7e-m+fp/hard/libc_nano.a(lib_a-puts.o)
                0x0000000008002400                puts
 .text.setbuf   0x0000000008002410       0x10 /Applications/STM32CubeIDE.app/Contents/Eclipse/plugins/com.st.stm32cube.ide.mcu.externaltools.gnu-tools-for-stm32.10.3-2021.10.macos64_1.0.0.202111181127/tools/bin/../lib/gcc/arm-none-eabi/10.3.1/../../../../arm-none-eabi/lib/thumb/v7e-m+fp/hard/libc_nano.a(lib_a-setbuf.o)
                0x0000000008002410                setbuf
 .text.setvbuf  0x0000000008002420      0x18c /Applications/STM32CubeIDE.app/Contents/Eclipse/plugins/com.st.stm32cube.ide.mcu.externaltools.gnu-tools-for-stm32.10.3-2021.10.macos64_1.0.0.202111181127/tools/bin/../lib/gcc/arm-none-eabi/10.3.1/../../../../arm-none-eabi/lib/thumb/v7e-m+fp/hard/libc_nano.a(lib_a-setvbuf.o)
                0x0000000008002420                setvbuf
 .text.sprintf  0x00000000080025ac       0x40 /Applications/STM32CubeIDE.app/Contents/Eclipse/plugins/com.st.stm32cube.ide.mcu.externaltools.gnu-tools-for-stm32.10.3-2021.10.macos64_1.0.0.202111181127/tools/bin/../lib/gcc/arm-none-eabi/10.3.1/../../../../arm-none-eabi/lib/thumb/v7e-m+fp/hard/libc_nano.a(lib_a-sprintf.o)
                0x00000000080025ac                sprintf
                0x00000000080025ac                siprintf
 .text.__swbuf_r
                0x00000000080025ec       0xa4 /Applications/STM32CubeIDE.app/Contents/Eclipse/plugins/com.st.stm32cube.ide.mcu.externaltools.gnu-tools-for-stm32.10.3-2021.10.macos64_1.0.0.202111181127/tools/bin/../lib/gcc/arm-none-eabi/10.3.1/../../../../arm-none-eabi/lib/thumb/v7e-m+fp/hard/libc_nano.a(lib_a-wbuf.o)
                0x00000000080025ec                __swbuf_r
 .text.__swsetup_r
                0x0000000008002690       0xdc /Applications/STM32CubeIDE.app/Contents/Eclipse/plugins/com.st.stm32cube.ide.mcu.externaltools.gnu-tools-for-stm32.10.3-2021.10.macos64_1.0.0.202111181127/tools/bin/../lib/gcc/arm-none-eabi/10.3.1/../../../../arm-none-eabi/lib/thumb/v7e-m+fp/hard/libc_nano.a(lib_a-wsetup.o)
                0x0000000008002690                __swsetup_r
 .text.__sflush_r
                0x000000000800276c      0x10c /Applications/STM32CubeIDE.app/Contents/Eclipse/plugins/com.st.stm32cube.ide.mcu.externaltools.gnu-tools-for-stm32.10.3-2021.10.macos64_1.0.0.202111181127/tools/bin/../lib/gcc/arm-none-eabi/10.3.1/../../../../arm-none-eabi/lib/thumb/v7e-m+fp/hard/libc_nano.a(lib_a-fflush.o)
                0x000000000800276c                __sflush_r
 .text._fflush_r
                0x0000000008002878       0x78 /Applications/STM32CubeIDE.app/Contents/Eclipse/plugins/com.st.stm32cube.ide.mcu.externaltools.gnu-tools-for-stm32.10.3-2021.10.macos64_1.0.0.202111181127/tools/bin/../lib/gcc/arm-none-eabi/10.3.1/../../../../arm-none-eabi/lib/thumb/v7e-m+fp/hard/libc_nano.a(lib_a-fflush.o)
                0x0000000008002878                _fflush_r
 .text.std      0x00000000080028f0       0x48 /Applications/STM32CubeIDE.app/Contents/Eclipse/plugins/com.st.stm32cube.ide.mcu.externaltools.gnu-tools-for-stm32.10.3-2021.10.macos64_1.0.0.202111181127/tools/bin/../lib/gcc/arm-none-eabi/10.3.1/../../../../arm-none-eabi/lib/thumb/v7e-m+fp/hard/libc_nano.a(lib_a-findfp.o)
 .text._cleanup_r
                0x0000000008002938        0xc /Applications/STM32CubeIDE.app/Contents/Eclipse/plugins/com.st.stm32cube.ide.mcu.externaltools.gnu-tools-for-stm32.10.3-2021.10.macos64_1.0.0.202111181127/tools/bin/../lib/gcc/arm-none-eabi/10.3.1/../../../../arm-none-eabi/lib/thumb/v7e-m+fp/hard/libc_nano.a(lib_a-findfp.o)
                0x0000000008002938                _cleanup_r
 .text.__sfmoreglue
                0x0000000008002944       0x2c /Applications/STM32CubeIDE.app/Contents/Eclipse/plugins/com.st.stm32cube.ide.mcu.externaltools.gnu-tools-for-stm32.10.3-2021.10.macos64_1.0.0.202111181127/tools/bin/../lib/gcc/arm-none-eabi/10.3.1/../../../../arm-none-eabi/lib/thumb/v7e-m+fp/hard/libc_nano.a(lib_a-findfp.o)
                0x0000000008002944                __sfmoreglue
 .text.__sfp_lock_acquire
                0x0000000008002970        0xc /Applications/STM32CubeIDE.app/Contents/Eclipse/plugins/com.st.stm32cube.ide.mcu.externaltools.gnu-tools-for-stm32.10.3-2021.10.macos64_1.0.0.202111181127/tools/bin/../lib/gcc/arm-none-eabi/10.3.1/../../../../arm-none-eabi/lib/thumb/v7e-m+fp/hard/libc_nano.a(lib_a-findfp.o)
                0x0000000008002970                __sfp_lock_acquire
 .text.__sfp_lock_release
                0x000000000800297c        0xc /Applications/STM32CubeIDE.app/Contents/Eclipse/plugins/com.st.stm32cube.ide.mcu.externaltools.gnu-tools-for-stm32.10.3-2021.10.macos64_1.0.0.202111181127/tools/bin/../lib/gcc/arm-none-eabi/10.3.1/../../../../arm-none-eabi/lib/thumb/v7e-m+fp/hard/libc_nano.a(lib_a-findfp.o)
                0x000000000800297c                __sfp_lock_release
 .text.__sinit_lock_acquire
                0x0000000008002988        0xc /Applications/STM32CubeIDE.app/Contents/Eclipse/plugins/com.st.stm32cube.ide.mcu.externaltools.gnu-tools-for-stm32.10.3-2021.10.macos64_1.0.0.202111181127/tools/bin/../lib/gcc/arm-none-eabi/10.3.1/../../../../arm-none-eabi/lib/thumb/v7e-m+fp/hard/libc_nano.a(lib_a-findfp.o)
                0x0000000008002988                __sinit_lock_acquire
 .text.__sinit_lock_release
                0x0000000008002994        0xc /Applications/STM32CubeIDE.app/Contents/Eclipse/plugins/com.st.stm32cube.ide.mcu.externaltools.gnu-tools-for-stm32.10.3-2021.10.macos64_1.0.0.202111181127/tools/bin/../lib/gcc/arm-none-eabi/10.3.1/../../../../arm-none-eabi/lib/thumb/v7e-m+fp/hard/libc_nano.a(lib_a-findfp.o)
                0x0000000008002994                __sinit_lock_release
 .text.__sinit  0x00000000080029a0       0x70 /Applications/STM32CubeIDE.app/Contents/Eclipse/plugins/com.st.stm32cube.ide.mcu.externaltools.gnu-tools-for-stm32.10.3-2021.10.macos64_1.0.0.202111181127/tools/bin/../lib/gcc/arm-none-eabi/10.3.1/../../../../arm-none-eabi/lib/thumb/v7e-m+fp/hard/libc_nano.a(lib_a-findfp.o)
                0x00000000080029a0                __sinit
 .text.__sfp    0x0000000008002a10       0x8c /Applications/STM32CubeIDE.app/Contents/Eclipse/plugins/com.st.stm32cube.ide.mcu.externaltools.gnu-tools-for-stm32.10.3-2021.10.macos64_1.0.0.202111181127/tools/bin/../lib/gcc/arm-none-eabi/10.3.1/../../../../arm-none-eabi/lib/thumb/v7e-m+fp/hard/libc_nano.a(lib_a-findfp.o)
                0x0000000008002a10                __sfp
 .text._fwalk_reent
                0x0000000008002a9c       0x3e /Applications/STM32CubeIDE.app/Contents/Eclipse/plugins/com.st.stm32cube.ide.mcu.externaltools.gnu-tools-for-stm32.10.3-2021.10.macos64_1.0.0.202111181127/tools/bin/../lib/gcc/arm-none-eabi/10.3.1/../../../../arm-none-eabi/lib/thumb/v7e-m+fp/hard/libc_nano.a(lib_a-fwalk.o)
                0x0000000008002a9c                _fwalk_reent
 .text.__retarget_lock_init_recursive
                0x0000000008002ada        0x2 /Applications/STM32CubeIDE.app/Contents/Eclipse/plugins/com.st.stm32cube.ide.mcu.externaltools.gnu-tools-for-stm32.10.3-2021.10.macos64_1.0.0.202111181127/tools/bin/../lib/gcc/arm-none-eabi/10.3.1/../../../../arm-none-eabi/lib/thumb/v7e-m+fp/hard/libc_nano.a(lib_a-lock.o)
                0x0000000008002ada                __retarget_lock_init_recursive
 .text.__retarget_lock_acquire_recursive
                0x0000000008002adc        0x2 /Applications/STM32CubeIDE.app/Contents/Eclipse/plugins/com.st.stm32cube.ide.mcu.externaltools.gnu-tools-for-stm32.10.3-2021.10.macos64_1.0.0.202111181127/tools/bin/../lib/gcc/arm-none-eabi/10.3.1/../../../../arm-none-eabi/lib/thumb/v7e-m+fp/hard/libc_nano.a(lib_a-lock.o)
                0x0000000008002adc                __retarget_lock_acquire_recursive
 .text.__retarget_lock_release_recursive
                0x0000000008002ade        0x2 /Applications/STM32CubeIDE.app/Contents/Eclipse/plugins/com.st.stm32cube.ide.mcu.externaltools.gnu-tools-for-stm32.10.3-2021.10.macos64_1.0.0.202111181127/tools/bin/../lib/gcc/arm-none-eabi/10.3.1/../../../../arm-none-eabi/lib/thumb/v7e-m+fp/hard/libc_nano.a(lib_a-lock.o)
                0x0000000008002ade                __retarget_lock_release_recursive
 .text.__swhatbuf_r
                0x0000000008002ae0       0x4a /Applications/STM32CubeIDE.app/Contents/Eclipse/plugins/com.st.stm32cube.ide.mcu.externaltools.gnu-tools-for-stm32.10.3-2021.10.macos64_1.0.0.202111181127/tools/bin/../lib/gcc/arm-none-eabi/10.3.1/../../../../arm-none-eabi/lib/thumb/v7e-m+fp/hard/libc_nano.a(lib_a-makebuf.o)
                0x0000000008002ae0                __swhatbuf_r
 *fill*         0x0000000008002b2a        0x2 
 .text.__smakebuf_r
                0x0000000008002b2c       0x80 /Applications/STM32CubeIDE.app/Contents/Eclipse/plugins/com.st.stm32cube.ide.mcu.externaltools.gnu-tools-for-stm32.10.3-2021.10.macos64_1.0.0.202111181127/tools/bin/../lib/gcc/arm-none-eabi/10.3.1/../../../../arm-none-eabi/lib/thumb/v7e-m+fp/hard/libc_nano.a(lib_a-makebuf.o)
                0x0000000008002b2c                __smakebuf_r
 .text.malloc   0x0000000008002bac       0x10 /Applications/STM32CubeIDE.app/Contents/Eclipse/plugins/com.st.stm32cube.ide.mcu.externaltools.gnu-tools-for-stm32.10.3-2021.10.macos64_1.0.0.202111181127/tools/bin/../lib/gcc/arm-none-eabi/10.3.1/../../../../arm-none-eabi/lib/thumb/v7e-m+fp/hard/libc_nano.a(lib_a-malloc.o)
                0x0000000008002bac                malloc
 .text._free_r  0x0000000008002bbc       0x98 /Applications/STM32CubeIDE.app/Contents/Eclipse/plugins/com.st.stm32cube.ide.mcu.externaltools.gnu-tools-for-stm32.10.3-2021.10.macos64_1.0.0.202111181127/tools/bin/../lib/gcc/arm-none-eabi/10.3.1/../../../../arm-none-eabi/lib/thumb/v7e-m+fp/hard/libc_nano.a(lib_a-nano-freer.o)
                0x0000000008002bbc                _free_r
 .text.sbrk_aligned
                0x0000000008002c54       0x40 /Applications/STM32CubeIDE.app/Contents/Eclipse/plugins/com.st.stm32cube.ide.mcu.externaltools.gnu-tools-for-stm32.10.3-2021.10.macos64_1.0.0.202111181127/tools/bin/../lib/gcc/arm-none-eabi/10.3.1/../../../../arm-none-eabi/lib/thumb/v7e-m+fp/hard/libc_nano.a(lib_a-nano-mallocr.o)
 .text._malloc_r
                0x0000000008002c94       0xe8 /Applications/STM32CubeIDE.app/Contents/Eclipse/plugins/com.st.stm32cube.ide.mcu.externaltools.gnu-tools-for-stm32.10.3-2021.10.macos64_1.0.0.202111181127/tools/bin/../lib/gcc/arm-none-eabi/10.3.1/../../../../arm-none-eabi/lib/thumb/v7e-m+fp/hard/libc_nano.a(lib_a-nano-mallocr.o)
                0x0000000008002c94                _malloc_r
 .text.__ssputs_r
                0x0000000008002d7c       0xb6 /Applications/STM32CubeIDE.app/Contents/Eclipse/plugins/com.st.stm32cube.ide.mcu.externaltools.gnu-tools-for-stm32.10.3-2021.10.macos64_1.0.0.202111181127/tools/bin/../lib/gcc/arm-none-eabi/10.3.1/../../../../arm-none-eabi/lib/thumb/v7e-m+fp/hard/libc_nano.a(lib_a-nano-svfprintf.o)
                0x0000000008002d7c                __ssputs_r
 *fill*         0x0000000008002e32        0x2 
 .text._svfprintf_r
                0x0000000008002e34      0x200 /Applications/STM32CubeIDE.app/Contents/Eclipse/plugins/com.st.stm32cube.ide.mcu.externaltools.gnu-tools-for-stm32.10.3-2021.10.macos64_1.0.0.202111181127/tools/bin/../lib/gcc/arm-none-eabi/10.3.1/../../../../arm-none-eabi/lib/thumb/v7e-m+fp/hard/libc_nano.a(lib_a-nano-svfprintf.o)
                0x0000000008002e34                _svfprintf_r
                0x0000000008002e34                _svfiprintf_r
 .text.__sfputc_r
                0x0000000008003034       0x2e /Applications/STM32CubeIDE.app/Contents/Eclipse/plugins/com.st.stm32cube.ide.mcu.externaltools.gnu-tools-for-stm32.10.3-2021.10.macos64_1.0.0.202111181127/tools/bin/../lib/gcc/arm-none-eabi/10.3.1/../../../../arm-none-eabi/lib/thumb/v7e-m+fp/hard/libc_nano.a(lib_a-nano-vfprintf.o)
 .text.__sfputs_r
                0x0000000008003062       0x24 /Applications/STM32CubeIDE.app/Contents/Eclipse/plugins/com.st.stm32cube.ide.mcu.externaltools.gnu-tools-for-stm32.10.3-2021.10.macos64_1.0.0.202111181127/tools/bin/../lib/gcc/arm-none-eabi/10.3.1/../../../../arm-none-eabi/lib/thumb/v7e-m+fp/hard/libc_nano.a(lib_a-nano-vfprintf.o)
                0x0000000008003062                __sfputs_r
 *fill*         0x0000000008003086        0x2 
 .text._vfprintf_r
                0x0000000008003088      0x260 /Applications/STM32CubeIDE.app/Contents/Eclipse/plugins/com.st.stm32cube.ide.mcu.externaltools.gnu-tools-for-stm32.10.3-2021.10.macos64_1.0.0.202111181127/tools/bin/../lib/gcc/arm-none-eabi/10.3.1/../../../../arm-none-eabi/lib/thumb/v7e-m+fp/hard/libc_nano.a(lib_a-nano-vfprintf.o)
                0x0000000008003088                _vfiprintf_r
                0x0000000008003088                _vfprintf_r
 .text._printf_common
                0x00000000080032e8       0xda /Applications/STM32CubeIDE.app/Contents/Eclipse/plugins/com.st.stm32cube.ide.mcu.externaltools.gnu-tools-for-stm32.10.3-2021.10.macos64_1.0.0.202111181127/tools/bin/../lib/gcc/arm-none-eabi/10.3.1/../../../../arm-none-eabi/lib/thumb/v7e-m+fp/hard/libc_nano.a(lib_a-nano-vfprintf_i.o)
                0x00000000080032e8                _printf_common
 *fill*         0x00000000080033c2        0x2 
 .text._printf_i
                0x00000000080033c4      0x24c /Applications/STM32CubeIDE.app/Contents/Eclipse/plugins/com.st.stm32cube.ide.mcu.externaltools.gnu-tools-for-stm32.10.3-2021.10.macos64_1.0.0.202111181127/tools/bin/../lib/gcc/arm-none-eabi/10.3.1/../../../../arm-none-eabi/lib/thumb/v7e-m+fp/hard/libc_nano.a(lib_a-nano-vfprintf_i.o)
                0x00000000080033c4                _printf_i
 .text._sbrk_r  0x0000000008003610       0x20 /Applications/STM32CubeIDE.app/Contents/Eclipse/plugins/com.st.stm32cube.ide.mcu.externaltools.gnu-tools-for-stm32.10.3-2021.10.macos64_1.0.0.202111181127/tools/bin/../lib/gcc/arm-none-eabi/10.3.1/../../../../arm-none-eabi/lib/thumb/v7e-m+fp/hard/libc_nano.a(lib_a-sbrkr.o)
                0x0000000008003610                _sbrk_r
 .text.__sread  0x0000000008003630       0x22 /Applications/STM32CubeIDE.app/Contents/Eclipse/plugins/com.st.stm32cube.ide.mcu.externaltools.gnu-tools-for-stm32.10.3-2021.10.macos64_1.0.0.202111181127/tools/bin/../lib/gcc/arm-none-eabi/10.3.1/../../../../arm-none-eabi/lib/thumb/v7e-m+fp/hard/libc_nano.a(lib_a-stdio.o)
                0x0000000008003630                __sread
 .text.__swrite
                0x0000000008003652       0x38 /Applications/STM32CubeIDE.app/Contents/Eclipse/plugins/com.st.stm32cube.ide.mcu.externaltools.gnu-tools-for-stm32.10.3-2021.10.macos64_1.0.0.202111181127/tools/bin/../lib/gcc/arm-none-eabi/10.3.1/../../../../arm-none-eabi/lib/thumb/v7e-m+fp/hard/libc_nano.a(lib_a-stdio.o)
                0x0000000008003652                __swrite
 .text.__sseek  0x000000000800368a       0x24 /Applications/STM32CubeIDE.app/Contents/Eclipse/plugins/com.st.stm32cube.ide.mcu.externaltools.gnu-tools-for-stm32.10.3-2021.10.macos64_1.0.0.202111181127/tools/bin/../lib/gcc/arm-none-eabi/10.3.1/../../../../arm-none-eabi/lib/thumb/v7e-m+fp/hard/libc_nano.a(lib_a-stdio.o)
                0x000000000800368a                __sseek
 .text.__sclose
                0x00000000080036ae        0x8 /Applications/STM32CubeIDE.app/Contents/Eclipse/plugins/com.st.stm32cube.ide.mcu.externaltools.gnu-tools-for-stm32.10.3-2021.10.macos64_1.0.0.202111181127/tools/bin/../lib/gcc/arm-none-eabi/10.3.1/../../../../arm-none-eabi/lib/thumb/v7e-m+fp/hard/libc_nano.a(lib_a-stdio.o)
                0x00000000080036ae                __sclose
 *fill*         0x00000000080036b6        0x2 
 .text._close_r
                0x00000000080036b8       0x20 /Applications/STM32CubeIDE.app/Contents/Eclipse/plugins/com.st.stm32cube.ide.mcu.externaltools.gnu-tools-for-stm32.10.3-2021.10.macos64_1.0.0.202111181127/tools/bin/../lib/gcc/arm-none-eabi/10.3.1/../../../../arm-none-eabi/lib/thumb/v7e-m+fp/hard/libc_nano.a(lib_a-closer.o)
                0x00000000080036b8                _close_r
 .text._fstat_r
                0x00000000080036d8       0x24 /Applications/STM32CubeIDE.app/Contents/Eclipse/plugins/com.st.stm32cube.ide.mcu.externaltools.gnu-tools-for-stm32.10.3-2021.10.macos64_1.0.0.202111181127/tools/bin/../lib/gcc/arm-none-eabi/10.3.1/../../../../arm-none-eabi/lib/thumb/v7e-m+fp/hard/libc_nano.a(lib_a-fstatr.o)
                0x00000000080036d8                _fstat_r
 .text._isatty_r
                0x00000000080036fc       0x20 /Applications/STM32CubeIDE.app/Contents/Eclipse/plugins/com.st.stm32cube.ide.mcu.externaltools.gnu-tools-for-stm32.10.3-2021.10.macos64_1.0.0.202111181127/tools/bin/../lib/gcc/arm-none-eabi/10.3.1/../../../../arm-none-eabi/lib/thumb/v7e-m+fp/hard/libc_nano.a(lib_a-isattyr.o)
                0x00000000080036fc                _isatty_r
 .text._lseek_r
                0x000000000800371c       0x24 /Applications/STM32CubeIDE.app/Contents/Eclipse/plugins/com.st.stm32cube.ide.mcu.externaltools.gnu-tools-for-stm32.10.3-2021.10.macos64_1.0.0.202111181127/tools/bin/../lib/gcc/arm-none-eabi/10.3.1/../../../../arm-none-eabi/lib/thumb/v7e-m+fp/hard/libc_nano.a(lib_a-lseekr.o)
                0x000000000800371c                _lseek_r
 .text.memmove  0x0000000008003740       0x34 /Applications/STM32CubeIDE.app/Contents/Eclipse/plugins/com.st.stm32cube.ide.mcu.externaltools.gnu-tools-for-stm32.10.3-2021.10.macos64_1.0.0.202111181127/tools/bin/../lib/gcc/arm-none-eabi/10.3.1/../../../../arm-none-eabi/lib/thumb/v7e-m+fp/hard/libc_nano.a(lib_a-memmove.o)
                0x0000000008003740                memmove
 .text.__malloc_lock
                0x0000000008003774        0xc /Applications/STM32CubeIDE.app/Contents/Eclipse/plugins/com.st.stm32cube.ide.mcu.externaltools.gnu-tools-for-stm32.10.3-2021.10.macos64_1.0.0.202111181127/tools/bin/../lib/gcc/arm-none-eabi/10.3.1/../../../../arm-none-eabi/lib/thumb/v7e-m+fp/hard/libc_nano.a(lib_a-mlock.o)
                0x0000000008003774                __malloc_lock
 .text.__malloc_unlock
                0x0000000008003780        0xc /Applications/STM32CubeIDE.app/Contents/Eclipse/plugins/com.st.stm32cube.ide.mcu.externaltools.gnu-tools-for-stm32.10.3-2021.10.macos64_1.0.0.202111181127/tools/bin/../lib/gcc/arm-none-eabi/10.3.1/../../../../arm-none-eabi/lib/thumb/v7e-m+fp/hard/libc_nano.a(lib_a-mlock.o)
                0x0000000008003780                __malloc_unlock
 .text._realloc_r
                0x000000000800378c       0x5e /Applications/STM32CubeIDE.app/Contents/Eclipse/plugins/com.st.stm32cube.ide.mcu.externaltools.gnu-tools-for-stm32.10.3-2021.10.macos64_1.0.0.202111181127/tools/bin/../lib/gcc/arm-none-eabi/10.3.1/../../../../arm-none-eabi/lib/thumb/v7e-m+fp/hard/libc_nano.a(lib_a-nano-reallocr.o)
                0x000000000800378c                _realloc_r
 *fill*         0x00000000080037ea        0x2 
 .text._read_r  0x00000000080037ec       0x24 /Applications/STM32CubeIDE.app/Contents/Eclipse/plugins/com.st.stm32cube.ide.mcu.externaltools.gnu-tools-for-stm32.10.3-2021.10.macos64_1.0.0.202111181127/tools/bin/../lib/gcc/arm-none-eabi/10.3.1/../../../../arm-none-eabi/lib/thumb/v7e-m+fp/hard/libc_nano.a(lib_a-readr.o)
                0x00000000080037ec                _read_r
 .text._malloc_usable_size_r
                0x0000000008003810       0x10 /Applications/STM32CubeIDE.app/Contents/Eclipse/plugins/com.st.stm32cube.ide.mcu.externaltools.gnu-tools-for-stm32.10.3-2021.10.macos64_1.0.0.202111181127/tools/bin/../lib/gcc/arm-none-eabi/10.3.1/../../../../arm-none-eabi/lib/thumb/v7e-m+fp/hard/libc_nano.a(lib_a-nano-msizer.o)
                0x0000000008003810                _malloc_usable_size_r
 *(.glue_7)
 .glue_7        0x0000000008003820        0x0 linker stubs
 *(.glue_7t)
 .glue_7t       0x0000000008003820        0x0 linker stubs
 *(.eh_frame)
 .eh_frame      0x0000000008003820        0x0 /Applications/STM32CubeIDE.app/Contents/Eclipse/plugins/com.st.stm32cube.ide.mcu.externaltools.gnu-tools-for-stm32.10.3-2021.10.macos64_1.0.0.202111181127/tools/bin/../lib/gcc/arm-none-eabi/10.3.1/thumb/v7e-m+fp/hard/crtbegin.o
 *(.init)
 .init          0x0000000008003820        0x4 /Applications/STM32CubeIDE.app/Contents/Eclipse/plugins/com.st.stm32cube.ide.mcu.externaltools.gnu-tools-for-stm32.10.3-2021.10.macos64_1.0.0.202111181127/tools/bin/../lib/gcc/arm-none-eabi/10.3.1/thumb/v7e-m+fp/hard/crti.o
                0x0000000008003820                _init
 .init          0x0000000008003824        0x8 /Applications/STM32CubeIDE.app/Contents/Eclipse/plugins/com.st.stm32cube.ide.mcu.externaltools.gnu-tools-for-stm32.10.3-2021.10.macos64_1.0.0.202111181127/tools/bin/../lib/gcc/arm-none-eabi/10.3.1/thumb/v7e-m+fp/hard/crtn.o
 *(.fini)
 .fini          0x000000000800382c        0x4 /Applications/STM32CubeIDE.app/Contents/Eclipse/plugins/com.st.stm32cube.ide.mcu.externaltools.gnu-tools-for-stm32.10.3-2021.10.macos64_1.0.0.202111181127/tools/bin/../lib/gcc/arm-none-eabi/10.3.1/thumb/v7e-m+fp/hard/crti.o
                0x000000000800382c                _fini
 .fini          0x0000000008003830        0x8 /Applications/STM32CubeIDE.app/Contents/Eclipse/plugins/com.st.stm32cube.ide.mcu.externaltools.gnu-tools-for-stm32.10.3-2021.10.macos64_1.0.0.202111181127/tools/bin/../lib/gcc/arm-none-eabi/10.3.1/thumb/v7e-m+fp/hard/crtn.o
                0x0000000008003838                . = ALIGN (0x4)
                0x0000000008003838                _etext = .

.vfp11_veneer   0x0000000008003838        0x0
 .vfp11_veneer  0x0000000008003838        0x0 linker stubs

.v4_bx          0x0000000008003838        0x0
 .v4_bx         0x0000000008003838        0x0 linker stubs

.iplt           0x0000000008003838        0x0
 .iplt          0x0000000008003838        0x0 /Applications/STM32CubeIDE.app/Contents/Eclipse/plugins/com.st.stm32cube.ide.mcu.externaltools.gnu-tools-for-stm32.10.3-2021.10.macos64_1.0.0.202111181127/tools/bin/../lib/gcc/arm-none-eabi/10.3.1/thumb/v7e-m+fp/hard/crtbegin.o

.rodata         0x0000000008003838      0x2f8
                0x0000000008003838                . = ALIGN (0x4)
 *(.rodata)
 .rodata        0x0000000008003838       0x82 ./Src/main.o
 *(.rodata*)
 *fill*         0x00000000080038ba        0x2 
 .rodata.character_data
                0x00000000080038bc      0x1db ./Src/lcd.o
                0x00000000080038bc                character_data
 *fill*         0x0000000008003a97        0x1 
 .rodata._global_impure_ptr
                0x0000000008003a98        0x4 /Applications/STM32CubeIDE.app/Contents/Eclipse/plugins/com.st.stm32cube.ide.mcu.externaltools.gnu-tools-for-stm32.10.3-2021.10.macos64_1.0.0.202111181127/tools/bin/../lib/gcc/arm-none-eabi/10.3.1/../../../../arm-none-eabi/lib/thumb/v7e-m+fp/hard/libc_nano.a(lib_a-impure.o)
                0x0000000008003a98                _global_impure_ptr
 .rodata.__sf_fake_stderr
                0x0000000008003a9c       0x20 /Applications/STM32CubeIDE.app/Contents/Eclipse/plugins/com.st.stm32cube.ide.mcu.externaltools.gnu-tools-for-stm32.10.3-2021.10.macos64_1.0.0.202111181127/tools/bin/../lib/gcc/arm-none-eabi/10.3.1/../../../../arm-none-eabi/lib/thumb/v7e-m+fp/hard/libc_nano.a(lib_a-findfp.o)
                0x0000000008003a9c                __sf_fake_stderr
 .rodata.__sf_fake_stdin
                0x0000000008003abc       0x20 /Applications/STM32CubeIDE.app/Contents/Eclipse/plugins/com.st.stm32cube.ide.mcu.externaltools.gnu-tools-for-stm32.10.3-2021.10.macos64_1.0.0.202111181127/tools/bin/../lib/gcc/arm-none-eabi/10.3.1/../../../../arm-none-eabi/lib/thumb/v7e-m+fp/hard/libc_nano.a(lib_a-findfp.o)
                0x0000000008003abc                __sf_fake_stdin
 .rodata.__sf_fake_stdout
                0x0000000008003adc       0x20 /Applications/STM32CubeIDE.app/Contents/Eclipse/plugins/com.st.stm32cube.ide.mcu.externaltools.gnu-tools-for-stm32.10.3-2021.10.macos64_1.0.0.202111181127/tools/bin/../lib/gcc/arm-none-eabi/10.3.1/../../../../arm-none-eabi/lib/thumb/v7e-m+fp/hard/libc_nano.a(lib_a-findfp.o)
                0x0000000008003adc                __sf_fake_stdout
 .rodata._svfprintf_r.str1.1
                0x0000000008003afc       0x11 /Applications/STM32CubeIDE.app/Contents/Eclipse/plugins/com.st.stm32cube.ide.mcu.externaltools.gnu-tools-for-stm32.10.3-2021.10.macos64_1.0.0.202111181127/tools/bin/../lib/gcc/arm-none-eabi/10.3.1/../../../../arm-none-eabi/lib/thumb/v7e-m+fp/hard/libc_nano.a(lib_a-nano-svfprintf.o)
 .rodata._vfprintf_r.str1.1
                0x0000000008003b0d       0x11 /Applications/STM32CubeIDE.app/Contents/Eclipse/plugins/com.st.stm32cube.ide.mcu.externaltools.gnu-tools-for-stm32.10.3-2021.10.macos64_1.0.0.202111181127/tools/bin/../lib/gcc/arm-none-eabi/10.3.1/../../../../arm-none-eabi/lib/thumb/v7e-m+fp/hard/libc_nano.a(lib_a-nano-vfprintf.o)
 .rodata._printf_i.str1.1
                0x0000000008003b0d       0x22 /Applications/STM32CubeIDE.app/Contents/Eclipse/plugins/com.st.stm32cube.ide.mcu.externaltools.gnu-tools-for-stm32.10.3-2021.10.macos64_1.0.0.202111181127/tools/bin/../lib/gcc/arm-none-eabi/10.3.1/../../../../arm-none-eabi/lib/thumb/v7e-m+fp/hard/libc_nano.a(lib_a-nano-vfprintf_i.o)
                0x0000000008003b30                . = ALIGN (0x4)
 *fill*         0x0000000008003b2f        0x1 

.rel.dyn        0x0000000008003b30        0x0
 .rel.iplt      0x0000000008003b30        0x0 /Applications/STM32CubeIDE.app/Contents/Eclipse/plugins/com.st.stm32cube.ide.mcu.externaltools.gnu-tools-for-stm32.10.3-2021.10.macos64_1.0.0.202111181127/tools/bin/../lib/gcc/arm-none-eabi/10.3.1/thumb/v7e-m+fp/hard/crtbegin.o

.ARM.extab      0x0000000008003b30        0x0
                0x0000000008003b30                . = ALIGN (0x4)
 *(.ARM.extab* .gnu.linkonce.armextab.*)
                0x0000000008003b30                . = ALIGN (0x4)

.ARM            0x0000000008003b30        0x0
                0x0000000008003b30                . = ALIGN (0x4)
                0x0000000008003b30                __exidx_start = .
 *(.ARM.exidx*)
                0x0000000008003b30                __exidx_end = .
                0x0000000008003b30                . = ALIGN (0x4)

.preinit_array  0x0000000008003b30        0x0
                0x0000000008003b30                . = ALIGN (0x4)
                0x0000000008003b30                PROVIDE (__preinit_array_start = .)
 *(.preinit_array*)
                0x0000000008003b30                PROVIDE (__preinit_array_end = .)
                0x0000000008003b30                . = ALIGN (0x4)

.init_array     0x0000000008003b30        0x4
                0x0000000008003b30                . = ALIGN (0x4)
                0x0000000008003b30                PROVIDE (__init_array_start = .)
 *(SORT_BY_NAME(.init_array.*))
 *(.init_array*)
 .init_array    0x0000000008003b30        0x4 /Applications/STM32CubeIDE.app/Contents/Eclipse/plugins/com.st.stm32cube.ide.mcu.externaltools.gnu-tools-for-stm32.10.3-2021.10.macos64_1.0.0.202111181127/tools/bin/../lib/gcc/arm-none-eabi/10.3.1/thumb/v7e-m+fp/hard/crtbegin.o
                0x0000000008003b34                PROVIDE (__init_array_end = .)
                0x0000000008003b34                . = ALIGN (0x4)

.fini_array     0x0000000008003b34        0x4
                0x0000000008003b34                . = ALIGN (0x4)
                [!provide]                        PROVIDE (__fini_array_start = .)
 *(SORT_BY_NAME(.fini_array.*))
 *(.fini_array*)
 .fini_array    0x0000000008003b34        0x4 /Applications/STM32CubeIDE.app/Contents/Eclipse/plugins/com.st.stm32cube.ide.mcu.externaltools.gnu-tools-for-stm32.10.3-2021.10.macos64_1.0.0.202111181127/tools/bin/../lib/gcc/arm-none-eabi/10.3.1/thumb/v7e-m+fp/hard/crtbegin.o
                [!provide]                        PROVIDE (__fini_array_end = .)
                0x0000000008003b38                . = ALIGN (0x4)
                0x0000000008003b38                _sidata = LOADADDR (.data)

.data           0x0000000020000000       0x90 load address 0x0000000008003b38
                0x0000000020000000                . = ALIGN (0x4)
                0x0000000020000000                _sdata = .
 *(.data)
 *(.data*)
 .data.APBAHBPrescTable
                0x0000000020000000       0x10 ./SPL/src/stm32f30x_rcc.o
 .data.ADCPrescTable
                0x0000000020000010       0x1a ./SPL/src/stm32f30x_rcc.o
 *fill*         0x000000002000002a        0x2 
 .data._impure_ptr
                0x000000002000002c        0x4 /Applications/STM32CubeIDE.app/Contents/Eclipse/plugins/com.st.stm32cube.ide.mcu.externaltools.gnu-tools-for-stm32.10.3-2021.10.macos64_1.0.0.202111181127/tools/bin/../lib/gcc/arm-none-eabi/10.3.1/../../../../arm-none-eabi/lib/thumb/v7e-m+fp/hard/libc_nano.a(lib_a-impure.o)
                0x000000002000002c                _impure_ptr
 .data.impure_data
                0x0000000020000030       0x60 /Applications/STM32CubeIDE.app/Contents/Eclipse/plugins/com.st.stm32cube.ide.mcu.externaltools.gnu-tools-for-stm32.10.3-2021.10.macos64_1.0.0.202111181127/tools/bin/../lib/gcc/arm-none-eabi/10.3.1/../../../../arm-none-eabi/lib/thumb/v7e-m+fp/hard/libc_nano.a(lib_a-impure.o)
                0x0000000020000090                . = ALIGN (0x4)
                0x0000000020000090                _edata = .

.igot.plt       0x0000000020000090        0x0 load address 0x0000000008003bc8
 .igot.plt      0x0000000020000090        0x0 /Applications/STM32CubeIDE.app/Contents/Eclipse/plugins/com.st.stm32cube.ide.mcu.externaltools.gnu-tools-for-stm32.10.3-2021.10.macos64_1.0.0.202111181127/tools/bin/../lib/gcc/arm-none-eabi/10.3.1/thumb/v7e-m+fp/hard/crtbegin.o
                0x0000000020000090                . = ALIGN (0x4)

.bss            0x0000000020000090      0x138 load address 0x0000000008003bc8
                0x0000000020000090                _sbss = .
                0x0000000020000090                __bss_start__ = _sbss
 *(.bss)
 .bss           0x0000000020000090       0x1c /Applications/STM32CubeIDE.app/Contents/Eclipse/plugins/com.st.stm32cube.ide.mcu.externaltools.gnu-tools-for-stm32.10.3-2021.10.macos64_1.0.0.202111181127/tools/bin/../lib/gcc/arm-none-eabi/10.3.1/thumb/v7e-m+fp/hard/crtbegin.o
 *(.bss*)
 .bss.UART_BUFFER
                0x00000000200000ac      0x100 ./Src/30010_io.o
                0x00000000200000ac                UART_BUFFER
 .bss.UART_END_IDX
                0x00000000200001ac        0x1 ./Src/30010_io.o
                0x00000000200001ac                UART_END_IDX
 .bss.UART_START_IDX
                0x00000000200001ad        0x1 ./Src/30010_io.o
                0x00000000200001ad                UART_START_IDX
 .bss.UART_COUNT
                0x00000000200001ae        0x1 ./Src/30010_io.o
                0x00000000200001ae                UART_COUNT
 .bss.adc_flag  0x00000000200001af        0x1 ./Src/main.o
                0x00000000200001af                adc_flag
 .bss.measurement_channel_1
                0x00000000200001b0        0x2 ./Src/main.o
                0x00000000200001b0                measurement_channel_1
 .bss.measurement_channel_2
                0x00000000200001b2        0x2 ./Src/main.o
                0x00000000200001b2                measurement_channel_2
 .bss.heap_end.0
                0x00000000200001b4        0x4 ./Src/sysmem.o
 .bss.__lock___malloc_recursive_mutex
                0x00000000200001b8        0x1 /Applications/STM32CubeIDE.app/Contents/Eclipse/plugins/com.st.stm32cube.ide.mcu.externaltools.gnu-tools-for-stm32.10.3-2021.10.macos64_1.0.0.202111181127/tools/bin/../lib/gcc/arm-none-eabi/10.3.1/../../../../arm-none-eabi/lib/thumb/v7e-m+fp/hard/libc_nano.a(lib_a-lock.o)
                0x00000000200001b8                __lock___malloc_recursive_mutex
 .bss.__lock___sfp_recursive_mutex
                0x00000000200001b9        0x1 /Applications/STM32CubeIDE.app/Contents/Eclipse/plugins/com.st.stm32cube.ide.mcu.externaltools.gnu-tools-for-stm32.10.3-2021.10.macos64_1.0.0.202111181127/tools/bin/../lib/gcc/arm-none-eabi/10.3.1/../../../../arm-none-eabi/lib/thumb/v7e-m+fp/hard/libc_nano.a(lib_a-lock.o)
                0x00000000200001b9                __lock___sfp_recursive_mutex
 .bss.__lock___sinit_recursive_mutex
                0x00000000200001ba        0x1 /Applications/STM32CubeIDE.app/Contents/Eclipse/plugins/com.st.stm32cube.ide.mcu.externaltools.gnu-tools-for-stm32.10.3-2021.10.macos64_1.0.0.202111181127/tools/bin/../lib/gcc/arm-none-eabi/10.3.1/../../../../arm-none-eabi/lib/thumb/v7e-m+fp/hard/libc_nano.a(lib_a-lock.o)
                0x00000000200001ba                __lock___sinit_recursive_mutex
 *fill*         0x00000000200001bb        0x1 
 .bss.__malloc_free_list
                0x00000000200001bc        0x4 /Applications/STM32CubeIDE.app/Contents/Eclipse/plugins/com.st.stm32cube.ide.mcu.externaltools.gnu-tools-for-stm32.10.3-2021.10.macos64_1.0.0.202111181127/tools/bin/../lib/gcc/arm-none-eabi/10.3.1/../../../../arm-none-eabi/lib/thumb/v7e-m+fp/hard/libc_nano.a(lib_a-nano-mallocr.o)
                0x00000000200001bc                __malloc_free_list
 .bss.__malloc_sbrk_start
                0x00000000200001c0        0x4 /Applications/STM32CubeIDE.app/Contents/Eclipse/plugins/com.st.stm32cube.ide.mcu.externaltools.gnu-tools-for-stm32.10.3-2021.10.macos64_1.0.0.202111181127/tools/bin/../lib/gcc/arm-none-eabi/10.3.1/../../../../arm-none-eabi/lib/thumb/v7e-m+fp/hard/libc_nano.a(lib_a-nano-mallocr.o)
                0x00000000200001c0                __malloc_sbrk_start
 .bss.errno     0x00000000200001c4        0x4 /Applications/STM32CubeIDE.app/Contents/Eclipse/plugins/com.st.stm32cube.ide.mcu.externaltools.gnu-tools-for-stm32.10.3-2021.10.macos64_1.0.0.202111181127/tools/bin/../lib/gcc/arm-none-eabi/10.3.1/../../../../arm-none-eabi/lib/thumb/v7e-m+fp/hard/libc_nano.a(lib_a-reent.o)
                0x00000000200001c4                errno
 *(COMMON)
                0x00000000200001c8                . = ALIGN (0x4)
                0x00000000200001c8                _ebss = .
                0x00000000200001c8                __bss_end__ = _ebss

._user_heap_stack
                0x00000000200001c8      0x600 load address 0x0000000008003bc8
                0x00000000200001c8                . = ALIGN (0x8)
                0x00000000200001c8                PROVIDE (end = .)
                [!provide]                        PROVIDE (_end = .)
                0x00000000200003c8                . = (. + _Min_Heap_Size)
 *fill*         0x00000000200001c8      0x200 
                0x00000000200007c8                . = (. + _Min_Stack_Size)
 *fill*         0x00000000200003c8      0x400 
                0x00000000200007c8                . = ALIGN (0x8)

/DISCARD/
 libc.a(*)
 libm.a(*)
 libgcc.a(*)

.ARM.attributes
                0x0000000000000000       0x30
 *(.ARM.attributes)
 .ARM.attributes
                0x0000000000000000       0x1e /Applications/STM32CubeIDE.app/Contents/Eclipse/plugins/com.st.stm32cube.ide.mcu.externaltools.gnu-tools-for-stm32.10.3-2021.10.macos64_1.0.0.202111181127/tools/bin/../lib/gcc/arm-none-eabi/10.3.1/thumb/v7e-m+fp/hard/crti.o
 .ARM.attributes
                0x000000000000001e       0x34 /Applications/STM32CubeIDE.app/Contents/Eclipse/plugins/com.st.stm32cube.ide.mcu.externaltools.gnu-tools-for-stm32.10.3-2021.10.macos64_1.0.0.202111181127/tools/bin/../lib/gcc/arm-none-eabi/10.3.1/thumb/v7e-m+fp/hard/crtbegin.o
 .ARM.attributes
                0x0000000000000052       0x34 ./SPL/src/stm32f30x_adc.o
 .ARM.attributes
                0x0000000000000086       0x34 ./SPL/src/stm32f30x_gpio.o
 .ARM.attributes
                0x00000000000000ba       0x34 ./SPL/src/stm32f30x_misc.o
 .ARM.attributes
                0x00000000000000ee       0x34 ./SPL/src/stm32f30x_rcc.o
 .ARM.attributes
                0x0000000000000122       0x34 ./SPL/src/stm32f30x_spi.o
 .ARM.attributes
                0x0000000000000156       0x34 ./SPL/src/stm32f30x_tim.o
 .ARM.attributes
                0x000000000000018a       0x34 ./SPL/src/stm32f30x_usart.o
 .ARM.attributes
                0x00000000000001be       0x34 ./Src/30010_io.o
 .ARM.attributes
                0x00000000000001f2       0x34 ./Src/lcd.o
 .ARM.attributes
                0x0000000000000226       0x34 ./Src/main.o
 .ARM.attributes
                0x000000000000025a       0x34 ./Src/syscalls.o
 .ARM.attributes
                0x000000000000028e       0x34 ./Src/sysmem.o
 .ARM.attributes
                0x00000000000002c2       0x34 ./Src/system_stm32f30x.o
 .ARM.attributes
                0x00000000000002f6       0x21 ./Startup/startup_stm32f302r8tx.o
 .ARM.attributes
                0x0000000000000317       0x34 /Applications/STM32CubeIDE.app/Contents/Eclipse/plugins/com.st.stm32cube.ide.mcu.externaltools.gnu-tools-for-stm32.10.3-2021.10.macos64_1.0.0.202111181127/tools/bin/../lib/gcc/arm-none-eabi/10.3.1/../../../../arm-none-eabi/lib/thumb/v7e-m+fp/hard/libc_nano.a(lib_a-errno.o)
 .ARM.attributes
                0x000000000000034b       0x34 /Applications/STM32CubeIDE.app/Contents/Eclipse/plugins/com.st.stm32cube.ide.mcu.externaltools.gnu-tools-for-stm32.10.3-2021.10.macos64_1.0.0.202111181127/tools/bin/../lib/gcc/arm-none-eabi/10.3.1/../../../../arm-none-eabi/lib/thumb/v7e-m+fp/hard/libc_nano.a(lib_a-impure.o)
 .ARM.attributes
                0x000000000000037f       0x34 /Applications/STM32CubeIDE.app/Contents/Eclipse/plugins/com.st.stm32cube.ide.mcu.externaltools.gnu-tools-for-stm32.10.3-2021.10.macos64_1.0.0.202111181127/tools/bin/../lib/gcc/arm-none-eabi/10.3.1/../../../../arm-none-eabi/lib/thumb/v7e-m+fp/hard/libc_nano.a(lib_a-init.o)
 .ARM.attributes
                0x00000000000003b3       0x34 /Applications/STM32CubeIDE.app/Contents/Eclipse/plugins/com.st.stm32cube.ide.mcu.externaltools.gnu-tools-for-stm32.10.3-2021.10.macos64_1.0.0.202111181127/tools/bin/../lib/gcc/arm-none-eabi/10.3.1/../../../../arm-none-eabi/lib/thumb/v7e-m+fp/hard/libc_nano.a(lib_a-memcpy-stub.o)
 .ARM.attributes
                0x00000000000003e7       0x34 /Applications/STM32CubeIDE.app/Contents/Eclipse/plugins/com.st.stm32cube.ide.mcu.externaltools.gnu-tools-for-stm32.10.3-2021.10.macos64_1.0.0.202111181127/tools/bin/../lib/gcc/arm-none-eabi/10.3.1/../../../../arm-none-eabi/lib/thumb/v7e-m+fp/hard/libc_nano.a(lib_a-memset.o)
 .ARM.attributes
                0x000000000000041b       0x34 /Applications/STM32CubeIDE.app/Contents/Eclipse/plugins/com.st.stm32cube.ide.mcu.externaltools.gnu-tools-for-stm32.10.3-2021.10.macos64_1.0.0.202111181127/tools/bin/../lib/gcc/arm-none-eabi/10.3.1/../../../../arm-none-eabi/lib/thumb/v7e-m+fp/hard/libc_nano.a(lib_a-printf.o)
 .ARM.attributes
                0x000000000000044f       0x34 /Applications/STM32CubeIDE.app/Contents/Eclipse/plugins/com.st.stm32cube.ide.mcu.externaltools.gnu-tools-for-stm32.10.3-2021.10.macos64_1.0.0.202111181127/tools/bin/../lib/gcc/arm-none-eabi/10.3.1/../../../../arm-none-eabi/lib/thumb/v7e-m+fp/hard/libc_nano.a(lib_a-puts.o)
 .ARM.attributes
                0x0000000000000483       0x34 /Applications/STM32CubeIDE.app/Contents/Eclipse/plugins/com.st.stm32cube.ide.mcu.externaltools.gnu-tools-for-stm32.10.3-2021.10.macos64_1.0.0.202111181127/tools/bin/../lib/gcc/arm-none-eabi/10.3.1/../../../../arm-none-eabi/lib/thumb/v7e-m+fp/hard/libc_nano.a(lib_a-setbuf.o)
 .ARM.attributes
                0x00000000000004b7       0x34 /Applications/STM32CubeIDE.app/Contents/Eclipse/plugins/com.st.stm32cube.ide.mcu.externaltools.gnu-tools-for-stm32.10.3-2021.10.macos64_1.0.0.202111181127/tools/bin/../lib/gcc/arm-none-eabi/10.3.1/../../../../arm-none-eabi/lib/thumb/v7e-m+fp/hard/libc_nano.a(lib_a-setvbuf.o)
 .ARM.attributes
                0x00000000000004eb       0x34 /Applications/STM32CubeIDE.app/Contents/Eclipse/plugins/com.st.stm32cube.ide.mcu.externaltools.gnu-tools-for-stm32.10.3-2021.10.macos64_1.0.0.202111181127/tools/bin/../lib/gcc/arm-none-eabi/10.3.1/../../../../arm-none-eabi/lib/thumb/v7e-m+fp/hard/libc_nano.a(lib_a-sprintf.o)
 .ARM.attributes
                0x000000000000051f       0x34 /Applications/STM32CubeIDE.app/Contents/Eclipse/plugins/com.st.stm32cube.ide.mcu.externaltools.gnu-tools-for-stm32.10.3-2021.10.macos64_1.0.0.202111181127/tools/bin/../lib/gcc/arm-none-eabi/10.3.1/../../../../arm-none-eabi/lib/thumb/v7e-m+fp/hard/libc_nano.a(lib_a-wbuf.o)
 .ARM.attributes
                0x0000000000000553       0x34 /Applications/STM32CubeIDE.app/Contents/Eclipse/plugins/com.st.stm32cube.ide.mcu.externaltools.gnu-tools-for-stm32.10.3-2021.10.macos64_1.0.0.202111181127/tools/bin/../lib/gcc/arm-none-eabi/10.3.1/../../../../arm-none-eabi/lib/thumb/v7e-m+fp/hard/libc_nano.a(lib_a-wsetup.o)
 .ARM.attributes
                0x0000000000000587       0x34 /Applications/STM32CubeIDE.app/Contents/Eclipse/plugins/com.st.stm32cube.ide.mcu.externaltools.gnu-tools-for-stm32.10.3-2021.10.macos64_1.0.0.202111181127/tools/bin/../lib/gcc/arm-none-eabi/10.3.1/../../../../arm-none-eabi/lib/thumb/v7e-m+fp/hard/libc_nano.a(lib_a-fflush.o)
 .ARM.attributes
                0x00000000000005bb       0x34 /Applications/STM32CubeIDE.app/Contents/Eclipse/plugins/com.st.stm32cube.ide.mcu.externaltools.gnu-tools-for-stm32.10.3-2021.10.macos64_1.0.0.202111181127/tools/bin/../lib/gcc/arm-none-eabi/10.3.1/../../../../arm-none-eabi/lib/thumb/v7e-m+fp/hard/libc_nano.a(lib_a-findfp.o)
 .ARM.attributes
                0x00000000000005ef       0x34 /Applications/STM32CubeIDE.app/Contents/Eclipse/plugins/com.st.stm32cube.ide.mcu.externaltools.gnu-tools-for-stm32.10.3-2021.10.macos64_1.0.0.202111181127/tools/bin/../lib/gcc/arm-none-eabi/10.3.1/../../../../arm-none-eabi/lib/thumb/v7e-m+fp/hard/libc_nano.a(lib_a-fwalk.o)
 .ARM.attributes
                0x0000000000000623       0x34 /Applications/STM32CubeIDE.app/Contents/Eclipse/plugins/com.st.stm32cube.ide.mcu.externaltools.gnu-tools-for-stm32.10.3-2021.10.macos64_1.0.0.202111181127/tools/bin/../lib/gcc/arm-none-eabi/10.3.1/../../../../arm-none-eabi/lib/thumb/v7e-m+fp/hard/libc_nano.a(lib_a-lock.o)
 .ARM.attributes
                0x0000000000000657       0x34 /Applications/STM32CubeIDE.app/Contents/Eclipse/plugins/com.st.stm32cube.ide.mcu.externaltools.gnu-tools-for-stm32.10.3-2021.10.macos64_1.0.0.202111181127/tools/bin/../lib/gcc/arm-none-eabi/10.3.1/../../../../arm-none-eabi/lib/thumb/v7e-m+fp/hard/libc_nano.a(lib_a-makebuf.o)
 .ARM.attributes
                0x000000000000068b       0x34 /Applications/STM32CubeIDE.app/Contents/Eclipse/plugins/com.st.stm32cube.ide.mcu.externaltools.gnu-tools-for-stm32.10.3-2021.10.macos64_1.0.0.202111181127/tools/bin/../lib/gcc/arm-none-eabi/10.3.1/../../../../arm-none-eabi/lib/thumb/v7e-m+fp/hard/libc_nano.a(lib_a-malloc.o)
 .ARM.attributes
                0x00000000000006bf       0x34 /Applications/STM32CubeIDE.app/Contents/Eclipse/plugins/com.st.stm32cube.ide.mcu.externaltools.gnu-tools-for-stm32.10.3-2021.10.macos64_1.0.0.202111181127/tools/bin/../lib/gcc/arm-none-eabi/10.3.1/../../../../arm-none-eabi/lib/thumb/v7e-m+fp/hard/libc_nano.a(lib_a-nano-freer.o)
 .ARM.attributes
                0x00000000000006f3       0x34 /Applications/STM32CubeIDE.app/Contents/Eclipse/plugins/com.st.stm32cube.ide.mcu.externaltools.gnu-tools-for-stm32.10.3-2021.10.macos64_1.0.0.202111181127/tools/bin/../lib/gcc/arm-none-eabi/10.3.1/../../../../arm-none-eabi/lib/thumb/v7e-m+fp/hard/libc_nano.a(lib_a-nano-mallocr.o)
 .ARM.attributes
                0x0000000000000727       0x34 /Applications/STM32CubeIDE.app/Contents/Eclipse/plugins/com.st.stm32cube.ide.mcu.externaltools.gnu-tools-for-stm32.10.3-2021.10.macos64_1.0.0.202111181127/tools/bin/../lib/gcc/arm-none-eabi/10.3.1/../../../../arm-none-eabi/lib/thumb/v7e-m+fp/hard/libc_nano.a(lib_a-nano-svfprintf.o)
 .ARM.attributes
                0x000000000000075b       0x34 /Applications/STM32CubeIDE.app/Contents/Eclipse/plugins/com.st.stm32cube.ide.mcu.externaltools.gnu-tools-for-stm32.10.3-2021.10.macos64_1.0.0.202111181127/tools/bin/../lib/gcc/arm-none-eabi/10.3.1/../../../../arm-none-eabi/lib/thumb/v7e-m+fp/hard/libc_nano.a(lib_a-nano-vfprintf.o)
 .ARM.attributes
                0x000000000000078f       0x34 /Applications/STM32CubeIDE.app/Contents/Eclipse/plugins/com.st.stm32cube.ide.mcu.externaltools.gnu-tools-for-stm32.10.3-2021.10.macos64_1.0.0.202111181127/tools/bin/../lib/gcc/arm-none-eabi/10.3.1/../../../../arm-none-eabi/lib/thumb/v7e-m+fp/hard/libc_nano.a(lib_a-nano-vfprintf_i.o)
 .ARM.attributes
                0x00000000000007c3       0x34 /Applications/STM32CubeIDE.app/Contents/Eclipse/plugins/com.st.stm32cube.ide.mcu.externaltools.gnu-tools-for-stm32.10.3-2021.10.macos64_1.0.0.202111181127/tools/bin/../lib/gcc/arm-none-eabi/10.3.1/../../../../arm-none-eabi/lib/thumb/v7e-m+fp/hard/libc_nano.a(lib_a-sbrkr.o)
 .ARM.attributes
                0x00000000000007f7       0x34 /Applications/STM32CubeIDE.app/Contents/Eclipse/plugins/com.st.stm32cube.ide.mcu.externaltools.gnu-tools-for-stm32.10.3-2021.10.macos64_1.0.0.202111181127/tools/bin/../lib/gcc/arm-none-eabi/10.3.1/../../../../arm-none-eabi/lib/thumb/v7e-m+fp/hard/libc_nano.a(lib_a-stdio.o)
 .ARM.attributes
                0x000000000000082b       0x34 /Applications/STM32CubeIDE.app/Contents/Eclipse/plugins/com.st.stm32cube.ide.mcu.externaltools.gnu-tools-for-stm32.10.3-2021.10.macos64_1.0.0.202111181127/tools/bin/../lib/gcc/arm-none-eabi/10.3.1/../../../../arm-none-eabi/lib/thumb/v7e-m+fp/hard/libc_nano.a(lib_a-closer.o)
 .ARM.attributes
                0x000000000000085f       0x34 /Applications/STM32CubeIDE.app/Contents/Eclipse/plugins/com.st.stm32cube.ide.mcu.externaltools.gnu-tools-for-stm32.10.3-2021.10.macos64_1.0.0.202111181127/tools/bin/../lib/gcc/arm-none-eabi/10.3.1/../../../../arm-none-eabi/lib/thumb/v7e-m+fp/hard/libc_nano.a(lib_a-fstatr.o)
 .ARM.attributes
                0x0000000000000893       0x34 /Applications/STM32CubeIDE.app/Contents/Eclipse/plugins/com.st.stm32cube.ide.mcu.externaltools.gnu-tools-for-stm32.10.3-2021.10.macos64_1.0.0.202111181127/tools/bin/../lib/gcc/arm-none-eabi/10.3.1/../../../../arm-none-eabi/lib/thumb/v7e-m+fp/hard/libc_nano.a(lib_a-isattyr.o)
 .ARM.attributes
                0x00000000000008c7       0x34 /Applications/STM32CubeIDE.app/Contents/Eclipse/plugins/com.st.stm32cube.ide.mcu.externaltools.gnu-tools-for-stm32.10.3-2021.10.macos64_1.0.0.202111181127/tools/bin/../lib/gcc/arm-none-eabi/10.3.1/../../../../arm-none-eabi/lib/thumb/v7e-m+fp/hard/libc_nano.a(lib_a-lseekr.o)
 .ARM.attributes
                0x00000000000008fb       0x1c /Applications/STM32CubeIDE.app/Contents/Eclipse/plugins/com.st.stm32cube.ide.mcu.externaltools.gnu-tools-for-stm32.10.3-2021.10.macos64_1.0.0.202111181127/tools/bin/../lib/gcc/arm-none-eabi/10.3.1/../../../../arm-none-eabi/lib/thumb/v7e-m+fp/hard/libc_nano.a(lib_a-memchr.o)
 .ARM.attributes
                0x0000000000000917       0x34 /Applications/STM32CubeIDE.app/Contents/Eclipse/plugins/com.st.stm32cube.ide.mcu.externaltools.gnu-tools-for-stm32.10.3-2021.10.macos64_1.0.0.202111181127/tools/bin/../lib/gcc/arm-none-eabi/10.3.1/../../../../arm-none-eabi/lib/thumb/v7e-m+fp/hard/libc_nano.a(lib_a-memmove.o)
 .ARM.attributes
                0x000000000000094b       0x34 /Applications/STM32CubeIDE.app/Contents/Eclipse/plugins/com.st.stm32cube.ide.mcu.externaltools.gnu-tools-for-stm32.10.3-2021.10.macos64_1.0.0.202111181127/tools/bin/../lib/gcc/arm-none-eabi/10.3.1/../../../../arm-none-eabi/lib/thumb/v7e-m+fp/hard/libc_nano.a(lib_a-mlock.o)
 .ARM.attributes
                0x000000000000097f       0x34 /Applications/STM32CubeIDE.app/Contents/Eclipse/plugins/com.st.stm32cube.ide.mcu.externaltools.gnu-tools-for-stm32.10.3-2021.10.macos64_1.0.0.202111181127/tools/bin/../lib/gcc/arm-none-eabi/10.3.1/../../../../arm-none-eabi/lib/thumb/v7e-m+fp/hard/libc_nano.a(lib_a-nano-reallocr.o)
 .ARM.attributes
                0x00000000000009b3       0x34 /Applications/STM32CubeIDE.app/Contents/Eclipse/plugins/com.st.stm32cube.ide.mcu.externaltools.gnu-tools-for-stm32.10.3-2021.10.macos64_1.0.0.202111181127/tools/bin/../lib/gcc/arm-none-eabi/10.3.1/../../../../arm-none-eabi/lib/thumb/v7e-m+fp/hard/libc_nano.a(lib_a-readr.o)
 .ARM.attributes
                0x00000000000009e7       0x34 /Applications/STM32CubeIDE.app/Contents/Eclipse/plugins/com.st.stm32cube.ide.mcu.externaltools.gnu-tools-for-stm32.10.3-2021.10.macos64_1.0.0.202111181127/tools/bin/../lib/gcc/arm-none-eabi/10.3.1/../../../../arm-none-eabi/lib/thumb/v7e-m+fp/hard/libc_nano.a(lib_a-reent.o)
 .ARM.attributes
                0x0000000000000a1b       0x34 /Applications/STM32CubeIDE.app/Contents/Eclipse/plugins/com.st.stm32cube.ide.mcu.externaltools.gnu-tools-for-stm32.10.3-2021.10.macos64_1.0.0.202111181127/tools/bin/../lib/gcc/arm-none-eabi/10.3.1/../../../../arm-none-eabi/lib/thumb/v7e-m+fp/hard/libc_nano.a(lib_a-nano-msizer.o)
 .ARM.attributes
                0x0000000000000a4f       0x1e /Applications/STM32CubeIDE.app/Contents/Eclipse/plugins/com.st.stm32cube.ide.mcu.externaltools.gnu-tools-for-stm32.10.3-2021.10.macos64_1.0.0.202111181127/tools/bin/../lib/gcc/arm-none-eabi/10.3.1/thumb/v7e-m+fp/hard/crtn.o
OUTPUT(exercise_2.4-adc.elf elf32-littlearm)
LOAD linker stubs
LOAD /Applications/STM32CubeIDE.app/Contents/Eclipse/plugins/com.st.stm32cube.ide.mcu.externaltools.gnu-tools-for-stm32.10.3-2021.10.macos64_1.0.0.202111181127/tools/bin/../lib/gcc/arm-none-eabi/10.3.1/../../../../arm-none-eabi/lib/thumb/v7e-m+fp/hard/libc.a
LOAD /Applications/STM32CubeIDE.app/Contents/Eclipse/plugins/com.st.stm32cube.ide.mcu.externaltools.gnu-tools-for-stm32.10.3-2021.10.macos64_1.0.0.202111181127/tools/bin/../lib/gcc/arm-none-eabi/10.3.1/../../../../arm-none-eabi/lib/thumb/v7e-m+fp/hard/libm.a
LOAD /Applications/STM32CubeIDE.app/Contents/Eclipse/plugins/com.st.stm32cube.ide.mcu.externaltools.gnu-tools-for-stm32.10.3-2021.10.macos64_1.0.0.202111181127/tools/bin/../lib/gcc/arm-none-eabi/10.3.1/thumb/v7e-m+fp/hard/libgcc.a

.debug_info     0x0000000000000000     0x9e5b
 .debug_info    0x0000000000000000     0x1432 ./SPL/src/stm32f30x_adc.o
 .debug_info    0x0000000000001432      0x668 ./SPL/src/stm32f30x_gpio.o
 .debug_info    0x0000000000001a9a      0x560 ./SPL/src/stm32f30x_misc.o
 .debug_info    0x0000000000001ffa      0xb43 ./SPL/src/stm32f30x_rcc.o
 .debug_info    0x0000000000002b3d      0xc4c ./SPL/src/stm32f30x_spi.o
 .debug_info    0x0000000000003789     0x2392 ./SPL/src/stm32f30x_tim.o
 .debug_info    0x0000000000005b1b      0xfc5 ./SPL/src/stm32f30x_usart.o
 .debug_info    0x0000000000006ae0     0x1199 ./Src/30010_io.o
 .debug_info    0x0000000000007c79      0x689 ./Src/lcd.o
 .debug_info    0x0000000000008302      0xec3 ./Src/main.o
 .debug_info    0x00000000000091c5      0x6ec ./Src/syscalls.o
 .debug_info    0x00000000000098b1      0x105 ./Src/sysmem.o
 .debug_info    0x00000000000099b6      0x483 ./Src/system_stm32f30x.o
 .debug_info    0x0000000000009e39       0x22 ./Startup/startup_stm32f302r8tx.o

.debug_abbrev   0x0000000000000000     0x17a9
 .debug_abbrev  0x0000000000000000      0x1c4 ./SPL/src/stm32f30x_adc.o
 .debug_abbrev  0x00000000000001c4      0x1ce ./SPL/src/stm32f30x_gpio.o
 .debug_abbrev  0x0000000000000392      0x173 ./SPL/src/stm32f30x_misc.o
 .debug_abbrev  0x0000000000000505      0x203 ./SPL/src/stm32f30x_rcc.o
 .debug_abbrev  0x0000000000000708      0x1bd ./SPL/src/stm32f30x_spi.o
 .debug_abbrev  0x00000000000008c5      0x1bb ./SPL/src/stm32f30x_tim.o
 .debug_abbrev  0x0000000000000a80      0x1a1 ./SPL/src/stm32f30x_usart.o
 .debug_abbrev  0x0000000000000c21      0x33b ./Src/30010_io.o
 .debug_abbrev  0x0000000000000f5c      0x212 ./Src/lcd.o
 .debug_abbrev  0x000000000000116e      0x266 ./Src/main.o
 .debug_abbrev  0x00000000000013d4      0x1c4 ./Src/syscalls.o
 .debug_abbrev  0x0000000000001598       0xbe ./Src/sysmem.o
 .debug_abbrev  0x0000000000001656      0x141 ./Src/system_stm32f30x.o
 .debug_abbrev  0x0000000000001797       0x12 ./Startup/startup_stm32f302r8tx.o

.debug_aranges  0x0000000000000000      0xc90
 .debug_aranges
                0x0000000000000000      0x210 ./SPL/src/stm32f30x_adc.o
 .debug_aranges
                0x0000000000000210       0x80 ./SPL/src/stm32f30x_gpio.o
 .debug_aranges
                0x0000000000000290       0x40 ./SPL/src/stm32f30x_misc.o
 .debug_aranges
                0x00000000000002d0      0x150 ./SPL/src/stm32f30x_rcc.o
 .debug_aranges
                0x0000000000000420      0x118 ./SPL/src/stm32f30x_spi.o
 .debug_aranges
                0x0000000000000538      0x3a8 ./SPL/src/stm32f30x_tim.o
 .debug_aranges
                0x00000000000008e0      0x1a0 ./SPL/src/stm32f30x_usart.o
 .debug_aranges
                0x0000000000000a80       0x58 ./Src/30010_io.o
 .debug_aranges
                0x0000000000000ad8       0x50 ./Src/lcd.o
 .debug_aranges
                0x0000000000000b28       0x48 ./Src/main.o
 .debug_aranges
                0x0000000000000b70       0xa8 ./Src/syscalls.o
 .debug_aranges
                0x0000000000000c18       0x20 ./Src/sysmem.o
 .debug_aranges
                0x0000000000000c38       0x30 ./Src/system_stm32f30x.o
 .debug_aranges
                0x0000000000000c68       0x28 ./Startup/startup_stm32f302r8tx.o

.debug_ranges   0x0000000000000000      0xbd0
 .debug_ranges  0x0000000000000000      0x200 ./SPL/src/stm32f30x_adc.o
 .debug_ranges  0x0000000000000200       0x70 ./SPL/src/stm32f30x_gpio.o
 .debug_ranges  0x0000000000000270       0x30 ./SPL/src/stm32f30x_misc.o
 .debug_ranges  0x00000000000002a0      0x140 ./SPL/src/stm32f30x_rcc.o
 .debug_ranges  0x00000000000003e0      0x108 ./SPL/src/stm32f30x_spi.o
 .debug_ranges  0x00000000000004e8      0x398 ./SPL/src/stm32f30x_tim.o
 .debug_ranges  0x0000000000000880      0x190 ./SPL/src/stm32f30x_usart.o
 .debug_ranges  0x0000000000000a10       0x48 ./Src/30010_io.o
 .debug_ranges  0x0000000000000a58       0x58 ./Src/lcd.o
 .debug_ranges  0x0000000000000ab0       0x38 ./Src/main.o
 .debug_ranges  0x0000000000000ae8       0x98 ./Src/syscalls.o
 .debug_ranges  0x0000000000000b80       0x10 ./Src/sysmem.o
 .debug_ranges  0x0000000000000b90       0x20 ./Src/system_stm32f30x.o
 .debug_ranges  0x0000000000000bb0       0x20 ./Startup/startup_stm32f302r8tx.o

.debug_macro    0x0000000000000000    0x1124c
 .debug_macro   0x0000000000000000      0x1b3 ./SPL/src/stm32f30x_adc.o
 .debug_macro   0x00000000000001b3      0xa8a ./SPL/src/stm32f30x_adc.o
 .debug_macro   0x0000000000000c3d       0x7a ./SPL/src/stm32f30x_adc.o
 .debug_macro   0x0000000000000cb7       0x35 ./SPL/src/stm32f30x_adc.o
 .debug_macro   0x0000000000000cec       0x22 ./SPL/src/stm32f30x_adc.o
 .debug_macro   0x0000000000000d0e       0x8e ./SPL/src/stm32f30x_adc.o
 .debug_macro   0x0000000000000d9c       0x51 ./SPL/src/stm32f30x_adc.o
 .debug_macro   0x0000000000000ded      0x103 ./SPL/src/stm32f30x_adc.o
 .debug_macro   0x0000000000000ef0       0x6a ./SPL/src/stm32f30x_adc.o
 .debug_macro   0x0000000000000f5a      0x1df ./SPL/src/stm32f30x_adc.o
 .debug_macro   0x0000000000001139       0x18 ./SPL/src/stm32f30x_adc.o
 .debug_macro   0x0000000000001151       0x42 ./SPL/src/stm32f30x_adc.o
 .debug_macro   0x0000000000001193      0x8cb ./SPL/src/stm32f30x_adc.o
 .debug_macro   0x0000000000001a5e     0x769b ./SPL/src/stm32f30x_adc.o
 .debug_macro   0x00000000000090f9      0x3c9 ./SPL/src/stm32f30x_adc.o
 .debug_macro   0x00000000000094c2       0x46 ./SPL/src/stm32f30x_adc.o
 .debug_macro   0x0000000000009508      0x231 ./SPL/src/stm32f30x_adc.o
 .debug_macro   0x0000000000009739      0x196 ./SPL/src/stm32f30x_adc.o
 .debug_macro   0x00000000000098cf       0x8e ./SPL/src/stm32f30x_adc.o
 .debug_macro   0x000000000000995d      0x3a8 ./SPL/src/stm32f30x_adc.o
 .debug_macro   0x0000000000009d05      0x114 ./SPL/src/stm32f30x_adc.o
 .debug_macro   0x0000000000009e19      0x1e4 ./SPL/src/stm32f30x_adc.o
 .debug_macro   0x0000000000009ffd      0x1b6 ./SPL/src/stm32f30x_adc.o
 .debug_macro   0x000000000000a1b3      0x1df ./SPL/src/stm32f30x_adc.o
 .debug_macro   0x000000000000a392      0x29a ./SPL/src/stm32f30x_adc.o
 .debug_macro   0x000000000000a62c       0x70 ./SPL/src/stm32f30x_adc.o
 .debug_macro   0x000000000000a69c      0x10c ./SPL/src/stm32f30x_adc.o
 .debug_macro   0x000000000000a7a8       0xb8 ./SPL/src/stm32f30x_adc.o
 .debug_macro   0x000000000000a860      0x5c6 ./SPL/src/stm32f30x_adc.o
 .debug_macro   0x000000000000ae26      0x551 ./SPL/src/stm32f30x_adc.o
 .debug_macro   0x000000000000b377      0x3ab ./SPL/src/stm32f30x_adc.o
 .debug_macro   0x000000000000b722      0x8d8 ./SPL/src/stm32f30x_adc.o
 .debug_macro   0x000000000000bffa      0x364 ./SPL/src/stm32f30x_adc.o
 .debug_macro   0x000000000000c35e       0x34 ./SPL/src/stm32f30x_adc.o
 .debug_macro   0x000000000000c392       0x89 ./SPL/src/stm32f30x_adc.o
 .debug_macro   0x000000000000c41b       0x35 ./SPL/src/stm32f30x_adc.o
 .debug_macro   0x000000000000c450      0x5a6 ./SPL/src/stm32f30x_adc.o
 .debug_macro   0x000000000000c9f6      0x19b ./SPL/src/stm32f30x_gpio.o
 .debug_macro   0x000000000000cb91      0x1b0 ./SPL/src/stm32f30x_gpio.o
 .debug_macro   0x000000000000cd41      0x1a1 ./SPL/src/stm32f30x_misc.o
 .debug_macro   0x000000000000cee2       0x83 ./SPL/src/stm32f30x_misc.o
 .debug_macro   0x000000000000cf65      0x238 ./SPL/src/stm32f30x_rcc.o
 .debug_macro   0x000000000000d19d      0x5c0 ./SPL/src/stm32f30x_rcc.o
 .debug_macro   0x000000000000d75d      0x1b0 ./SPL/src/stm32f30x_spi.o
 .debug_macro   0x000000000000d90d      0x3a5 ./SPL/src/stm32f30x_spi.o
 .debug_macro   0x000000000000dcb2      0x1c5 ./SPL/src/stm32f30x_tim.o
 .debug_macro   0x000000000000de77      0x8d2 ./SPL/src/stm32f30x_tim.o
 .debug_macro   0x000000000000e749      0x1b3 ./SPL/src/stm32f30x_usart.o
 .debug_macro   0x000000000000e8fc      0x35e ./SPL/src/stm32f30x_usart.o
 .debug_macro   0x000000000000ec5a      0x305 ./Src/30010_io.o
 .debug_macro   0x000000000000ef5f       0x52 ./Src/30010_io.o
 .debug_macro   0x000000000000efb1       0x1e ./Src/30010_io.o
 .debug_macro   0x000000000000efcf       0x3c ./Src/30010_io.o
 .debug_macro   0x000000000000f00b       0x34 ./Src/30010_io.o
 .debug_macro   0x000000000000f03f       0x16 ./Src/30010_io.o
 .debug_macro   0x000000000000f055       0x97 ./Src/30010_io.o
 .debug_macro   0x000000000000f0ec      0x341 ./Src/30010_io.o
 .debug_macro   0x000000000000f42d       0xfd ./Src/30010_io.o
 .debug_macro   0x000000000000f52a       0x10 ./Src/30010_io.o
 .debug_macro   0x000000000000f53a       0x16 ./Src/30010_io.o
 .debug_macro   0x000000000000f550       0x43 ./Src/30010_io.o
 .debug_macro   0x000000000000f593       0x34 ./Src/30010_io.o
 .debug_macro   0x000000000000f5c7       0x10 ./Src/30010_io.o
 .debug_macro   0x000000000000f5d7       0x58 ./Src/30010_io.o
 .debug_macro   0x000000000000f62f       0x71 ./Src/30010_io.o
 .debug_macro   0x000000000000f6a0       0x1c ./Src/30010_io.o
 .debug_macro   0x000000000000f6bc      0x12a ./Src/30010_io.o
 .debug_macro   0x000000000000f7e6       0x10 ./Src/30010_io.o
 .debug_macro   0x000000000000f7f6       0x1c ./Src/30010_io.o
 .debug_macro   0x000000000000f812       0x52 ./Src/30010_io.o
 .debug_macro   0x000000000000f864       0x22 ./Src/30010_io.o
 .debug_macro   0x000000000000f886       0x10 ./Src/30010_io.o
 .debug_macro   0x000000000000f896       0x52 ./Src/30010_io.o
 .debug_macro   0x000000000000f8e8       0xd5 ./Src/30010_io.o
 .debug_macro   0x000000000000f9bd       0x1c ./Src/30010_io.o
 .debug_macro   0x000000000000f9d9       0x3d ./Src/30010_io.o
 .debug_macro   0x000000000000fa16       0x16 ./Src/30010_io.o
 .debug_macro   0x000000000000fa2c      0x145 ./Src/30010_io.o
 .debug_macro   0x000000000000fb71      0x1aa ./Src/lcd.o
 .debug_macro   0x000000000000fd1b       0x1c ./Src/lcd.o
 .debug_macro   0x000000000000fd37      0x33e ./Src/main.o
 .debug_macro   0x0000000000010075       0x22 ./Src/main.o
 .debug_macro   0x0000000000010097       0x16 ./Src/main.o
 .debug_macro   0x00000000000100ad       0x35 ./Src/main.o
 .debug_macro   0x00000000000100e2       0x20 ./Src/main.o
 .debug_macro   0x0000000000010102      0x24c ./Src/syscalls.o
 .debug_macro   0x000000000001034e       0x4c ./Src/syscalls.o
 .debug_macro   0x000000000001039a       0x94 ./Src/syscalls.o
 .debug_macro   0x000000000001042e       0x57 ./Src/syscalls.o
 .debug_macro   0x0000000000010485      0x174 ./Src/syscalls.o
 .debug_macro   0x00000000000105f9       0x10 ./Src/syscalls.o
 .debug_macro   0x0000000000010609       0x10 ./Src/syscalls.o
 .debug_macro   0x0000000000010619       0x10 ./Src/syscalls.o
 .debug_macro   0x0000000000010629       0x35 ./Src/syscalls.o
 .debug_macro   0x000000000001065e      0x12c ./Src/syscalls.o
 .debug_macro   0x000000000001078a       0x16 ./Src/syscalls.o
 .debug_macro   0x00000000000107a0       0x16 ./Src/syscalls.o
 .debug_macro   0x00000000000107b6       0x29 ./Src/syscalls.o
 .debug_macro   0x00000000000107df       0x10 ./Src/syscalls.o
 .debug_macro   0x00000000000107ef      0x241 ./Src/syscalls.o
 .debug_macro   0x0000000000010a30       0x1c ./Src/syscalls.o
 .debug_macro   0x0000000000010a4c       0x10 ./Src/syscalls.o
 .debug_macro   0x0000000000010a5c      0x189 ./Src/syscalls.o
 .debug_macro   0x0000000000010be5       0x16 ./Src/syscalls.o
 .debug_macro   0x0000000000010bfb       0xce ./Src/syscalls.o
 .debug_macro   0x0000000000010cc9      0x1b1 ./Src/sysmem.o
 .debug_macro   0x0000000000010e7a      0x23b ./Src/sysmem.o
 .debug_macro   0x00000000000110b5      0x197 ./Src/system_stm32f30x.o

.debug_line     0x0000000000000000     0x9cc2
 .debug_line    0x0000000000000000     0x11b4 ./SPL/src/stm32f30x_adc.o
 .debug_line    0x00000000000011b4      0x98d ./SPL/src/stm32f30x_gpio.o
 .debug_line    0x0000000000001b41      0x7f0 ./SPL/src/stm32f30x_misc.o
 .debug_line    0x0000000000002331      0xef0 ./SPL/src/stm32f30x_rcc.o
 .debug_line    0x0000000000003221      0xc9a ./SPL/src/stm32f30x_spi.o
 .debug_line    0x0000000000003ebb     0x19d5 ./SPL/src/stm32f30x_tim.o
 .debug_line    0x0000000000005890      0xe3b ./SPL/src/stm32f30x_usart.o
 .debug_line    0x00000000000066cb      0xaa0 ./Src/30010_io.o
 .debug_line    0x000000000000716b      0xa67 ./Src/lcd.o
 .debug_line    0x0000000000007bd2      0xaa3 ./Src/main.o
 .debug_line    0x0000000000008675      0x826 ./Src/syscalls.o
 .debug_line    0x0000000000008e9b      0x5ae ./Src/sysmem.o
 .debug_line    0x0000000000009449      0x7f5 ./Src/system_stm32f30x.o
 .debug_line    0x0000000000009c3e       0x84 ./Startup/startup_stm32f302r8tx.o

.debug_str      0x0000000000000000    0x5c10c
 .debug_str     0x0000000000000000    0x53465 ./SPL/src/stm32f30x_adc.o
                                      0x53607 (size before relaxing)
 .debug_str     0x0000000000053465      0x29f ./SPL/src/stm32f30x_gpio.o
                                      0x52e97 (size before relaxing)
 .debug_str     0x0000000000053704      0x220 ./SPL/src/stm32f30x_misc.o
                                      0x52dca (size before relaxing)
 .debug_str     0x0000000000053924      0xa3e ./SPL/src/stm32f30x_rcc.o
                                      0x53625 (size before relaxing)
 .debug_str     0x0000000000054362      0x4c5 ./SPL/src/stm32f30x_spi.o
                                      0x53242 (size before relaxing)
 .debug_str     0x0000000000054827      0xded ./SPL/src/stm32f30x_tim.o
                                      0x53a46 (size before relaxing)
 .debug_str     0x0000000000055614      0x7e8 ./SPL/src/stm32f30x_usart.o
                                      0x53539 (size before relaxing)
 .debug_str     0x0000000000055dfc     0x4836 ./Src/30010_io.o
                                      0x57767 (size before relaxing)
 .debug_str     0x000000000005a632      0x139 ./Src/lcd.o
                                      0x52ddf (size before relaxing)
 .debug_str     0x000000000005a76b      0x180 ./Src/main.o
                                      0x5789f (size before relaxing)
 .debug_str     0x000000000005a8eb     0x1739 ./Src/syscalls.o
                                       0x8ac5 (size before relaxing)
 .debug_str     0x000000000005c024       0x31 ./Src/sysmem.o
                                       0x778c (size before relaxing)
 .debug_str     0x000000000005c055       0x86 ./Src/system_stm32f30x.o
                                      0x52cb7 (size before relaxing)
 .debug_str     0x000000000005c0db       0x31 ./Startup/startup_stm32f302r8tx.o
                                         0x8f (size before relaxing)

.comment        0x0000000000000000       0x50
 .comment       0x0000000000000000       0x50 ./SPL/src/stm32f30x_adc.o
                                         0x51 (size before relaxing)
 .comment       0x0000000000000050       0x51 ./SPL/src/stm32f30x_gpio.o
 .comment       0x0000000000000050       0x51 ./SPL/src/stm32f30x_misc.o
 .comment       0x0000000000000050       0x51 ./SPL/src/stm32f30x_rcc.o
 .comment       0x0000000000000050       0x51 ./SPL/src/stm32f30x_spi.o
 .comment       0x0000000000000050       0x51 ./SPL/src/stm32f30x_tim.o
 .comment       0x0000000000000050       0x51 ./SPL/src/stm32f30x_usart.o
 .comment       0x0000000000000050       0x51 ./Src/30010_io.o
 .comment       0x0000000000000050       0x51 ./Src/lcd.o
 .comment       0x0000000000000050       0x51 ./Src/main.o
 .comment       0x0000000000000050       0x51 ./Src/syscalls.o
 .comment       0x0000000000000050       0x51 ./Src/sysmem.o
 .comment       0x0000000000000050       0x51 ./Src/system_stm32f30x.o

.debug_frame    0x0000000000000000     0x422c
 .debug_frame   0x0000000000000000      0x9e4 ./SPL/src/stm32f30x_adc.o
 .debug_frame   0x00000000000009e4      0x214 ./SPL/src/stm32f30x_gpio.o
 .debug_frame   0x0000000000000bf8       0xd8 ./SPL/src/stm32f30x_misc.o
 .debug_frame   0x0000000000000cd0      0x60c ./SPL/src/stm32f30x_rcc.o
 .debug_frame   0x00000000000012dc      0x508 ./SPL/src/stm32f30x_spi.o
 .debug_frame   0x00000000000017e4     0x11c4 ./SPL/src/stm32f30x_tim.o
 .debug_frame   0x00000000000029a8      0x7b0 ./SPL/src/stm32f30x_usart.o
 .debug_frame   0x0000000000003158      0x12c ./Src/30010_io.o
 .debug_frame   0x0000000000003284      0x110 ./Src/lcd.o
 .debug_frame   0x0000000000003394       0xdc ./Src/main.o
 .debug_frame   0x0000000000003470      0x2ac ./Src/syscalls.o
 .debug_frame   0x000000000000371c       0x34 ./Src/sysmem.o
 .debug_frame   0x0000000000003750       0x74 ./Src/system_stm32f30x.o
 .debug_frame   0x00000000000037c4       0x20 /Applications/STM32CubeIDE.app/Contents/Eclipse/plugins/com.st.stm32cube.ide.mcu.externaltools.gnu-tools-for-stm32.10.3-2021.10.macos64_1.0.0.202111181127/tools/bin/../lib/gcc/arm-none-eabi/10.3.1/../../../../arm-none-eabi/lib/thumb/v7e-m+fp/hard/libc_nano.a(lib_a-errno.o)
 .debug_frame   0x00000000000037e4       0x2c /Applications/STM32CubeIDE.app/Contents/Eclipse/plugins/com.st.stm32cube.ide.mcu.externaltools.gnu-tools-for-stm32.10.3-2021.10.macos64_1.0.0.202111181127/tools/bin/../lib/gcc/arm-none-eabi/10.3.1/../../../../arm-none-eabi/lib/thumb/v7e-m+fp/hard/libc_nano.a(lib_a-init.o)
 .debug_frame   0x0000000000003810       0x28 /Applications/STM32CubeIDE.app/Contents/Eclipse/plugins/com.st.stm32cube.ide.mcu.externaltools.gnu-tools-for-stm32.10.3-2021.10.macos64_1.0.0.202111181127/tools/bin/../lib/gcc/arm-none-eabi/10.3.1/../../../../arm-none-eabi/lib/thumb/v7e-m+fp/hard/libc_nano.a(lib_a-memcpy-stub.o)
 .debug_frame   0x0000000000003838       0x20 /Applications/STM32CubeIDE.app/Contents/Eclipse/plugins/com.st.stm32cube.ide.mcu.externaltools.gnu-tools-for-stm32.10.3-2021.10.macos64_1.0.0.202111181127/tools/bin/../lib/gcc/arm-none-eabi/10.3.1/../../../../arm-none-eabi/lib/thumb/v7e-m+fp/hard/libc_nano.a(lib_a-memset.o)
 .debug_frame   0x0000000000003858       0x74 /Applications/STM32CubeIDE.app/Contents/Eclipse/plugins/com.st.stm32cube.ide.mcu.externaltools.gnu-tools-for-stm32.10.3-2021.10.macos64_1.0.0.202111181127/tools/bin/../lib/gcc/arm-none-eabi/10.3.1/../../../../arm-none-eabi/lib/thumb/v7e-m+fp/hard/libc_nano.a(lib_a-printf.o)
 .debug_frame   0x00000000000038cc       0x3c /Applications/STM32CubeIDE.app/Contents/Eclipse/plugins/com.st.stm32cube.ide.mcu.externaltools.gnu-tools-for-stm32.10.3-2021.10.macos64_1.0.0.202111181127/tools/bin/../lib/gcc/arm-none-eabi/10.3.1/../../../../arm-none-eabi/lib/thumb/v7e-m+fp/hard/libc_nano.a(lib_a-puts.o)
 .debug_frame   0x0000000000003908       0x20 /Applications/STM32CubeIDE.app/Contents/Eclipse/plugins/com.st.stm32cube.ide.mcu.externaltools.gnu-tools-for-stm32.10.3-2021.10.macos64_1.0.0.202111181127/tools/bin/../lib/gcc/arm-none-eabi/10.3.1/../../../../arm-none-eabi/lib/thumb/v7e-m+fp/hard/libc_nano.a(lib_a-setbuf.o)
 .debug_frame   0x0000000000003928       0x38 /Applications/STM32CubeIDE.app/Contents/Eclipse/plugins/com.st.stm32cube.ide.mcu.externaltools.gnu-tools-for-stm32.10.3-2021.10.macos64_1.0.0.202111181127/tools/bin/../lib/gcc/arm-none-eabi/10.3.1/../../../../arm-none-eabi/lib/thumb/v7e-m+fp/hard/libc_nano.a(lib_a-setvbuf.o)
 .debug_frame   0x0000000000003960       0x6c /Applications/STM32CubeIDE.app/Contents/Eclipse/plugins/com.st.stm32cube.ide.mcu.externaltools.gnu-tools-for-stm32.10.3-2021.10.macos64_1.0.0.202111181127/tools/bin/../lib/gcc/arm-none-eabi/10.3.1/../../../../arm-none-eabi/lib/thumb/v7e-m+fp/hard/libc_nano.a(lib_a-sprintf.o)
 .debug_frame   0x00000000000039cc       0x40 /Applications/STM32CubeIDE.app/Contents/Eclipse/plugins/com.st.stm32cube.ide.mcu.externaltools.gnu-tools-for-stm32.10.3-2021.10.macos64_1.0.0.202111181127/tools/bin/../lib/gcc/arm-none-eabi/10.3.1/../../../../arm-none-eabi/lib/thumb/v7e-m+fp/hard/libc_nano.a(lib_a-wbuf.o)
 .debug_frame   0x0000000000003a0c       0x2c /Applications/STM32CubeIDE.app/Contents/Eclipse/plugins/com.st.stm32cube.ide.mcu.externaltools.gnu-tools-for-stm32.10.3-2021.10.macos64_1.0.0.202111181127/tools/bin/../lib/gcc/arm-none-eabi/10.3.1/../../../../arm-none-eabi/lib/thumb/v7e-m+fp/hard/libc_nano.a(lib_a-wsetup.o)
 .debug_frame   0x0000000000003a38       0x5c /Applications/STM32CubeIDE.app/Contents/Eclipse/plugins/com.st.stm32cube.ide.mcu.externaltools.gnu-tools-for-stm32.10.3-2021.10.macos64_1.0.0.202111181127/tools/bin/../lib/gcc/arm-none-eabi/10.3.1/../../../../arm-none-eabi/lib/thumb/v7e-m+fp/hard/libc_nano.a(lib_a-fflush.o)
 .debug_frame   0x0000000000003a94      0x14c /Applications/STM32CubeIDE.app/Contents/Eclipse/plugins/com.st.stm32cube.ide.mcu.externaltools.gnu-tools-for-stm32.10.3-2021.10.macos64_1.0.0.202111181127/tools/bin/../lib/gcc/arm-none-eabi/10.3.1/../../../../arm-none-eabi/lib/thumb/v7e-m+fp/hard/libc_nano.a(lib_a-findfp.o)
 .debug_frame   0x0000000000003be0       0x54 /Applications/STM32CubeIDE.app/Contents/Eclipse/plugins/com.st.stm32cube.ide.mcu.externaltools.gnu-tools-for-stm32.10.3-2021.10.macos64_1.0.0.202111181127/tools/bin/../lib/gcc/arm-none-eabi/10.3.1/../../../../arm-none-eabi/lib/thumb/v7e-m+fp/hard/libc_nano.a(lib_a-fwalk.o)
 .debug_frame   0x0000000000003c34       0xb0 /Applications/STM32CubeIDE.app/Contents/Eclipse/plugins/com.st.stm32cube.ide.mcu.externaltools.gnu-tools-for-stm32.10.3-2021.10.macos64_1.0.0.202111181127/tools/bin/../lib/gcc/arm-none-eabi/10.3.1/../../../../arm-none-eabi/lib/thumb/v7e-m+fp/hard/libc_nano.a(lib_a-lock.o)
 .debug_frame   0x0000000000003ce4       0x58 /Applications/STM32CubeIDE.app/Contents/Eclipse/plugins/com.st.stm32cube.ide.mcu.externaltools.gnu-tools-for-stm32.10.3-2021.10.macos64_1.0.0.202111181127/tools/bin/../lib/gcc/arm-none-eabi/10.3.1/../../../../arm-none-eabi/lib/thumb/v7e-m+fp/hard/libc_nano.a(lib_a-makebuf.o)
 .debug_frame   0x0000000000003d3c       0x30 /Applications/STM32CubeIDE.app/Contents/Eclipse/plugins/com.st.stm32cube.ide.mcu.externaltools.gnu-tools-for-stm32.10.3-2021.10.macos64_1.0.0.202111181127/tools/bin/../lib/gcc/arm-none-eabi/10.3.1/../../../../arm-none-eabi/lib/thumb/v7e-m+fp/hard/libc_nano.a(lib_a-malloc.o)