/home/tibi/Documents/DTU/Digital_Instrumentation/exercise_4.1/cmsis/core_cm4.h:1071:22:NVIC_EnableIRQ	16	static
../Src/main.c:92:6:init_spi	4	static
../Src/main.c:186:10:transmit_byte	24	static
../Src/main.c:200:10:readRegister	24	static
../Src/main.c:225:6:writeRegister	16	static
../Src/main.c:244:9:setup_lsm9ds1	8	static
../Src/main.c:267:23:getGyroValues	48	static
../Src/main.c:306:23:getAccValues	48	static
../Src/main.c:342:23:getMagValues	48	static
../Src/main.c:377:7:getTempValue	16	static
../Src/main.c:390:6:init_cs	24	static
../Src/main.c:418:9:uart3_get_char	16	static
../Src/main.c:427:6:uart3_put_char	16	static
../Src/main.c:432:5:_write3_r	32	static
../Src/main.c:445:6:USART3_IRQHandler	8	static
../Src/main.c:458:6:uart3_clear	4	static
../Src/main.c:464:9:uart3_get_count	4	static
../Src/main.c:468:6:uart3_init	88	static
../Src/main.c:564:6:printf_usart3	24	static
../Src/main.c:570:5:main	16	static
