/home/tibi/Documents/DTU/Digital_Instrumentation/exercise_1.4/cmsis/core_cm4.h:1071:22:NVIC_EnableIRQ	16	static
/home/tibi/Documents/DTU/Digital_Instrumentation/exercise_1.4/cmsis/core_cm4.h:1156:22:NVIC_SetPriority	16	static
../Src/main.c:16:6:initJoystick	16	static
../Src/main.c:55:6:initLed	16	static
../Src/main.c:94:6:initInterrupt	24	static
../Src/main.c:162:1:initTimer	16	static
../Src/main.c:201:9:readJoystick	16	static
../Src/main.c:213:1:setLed	16	static
../Src/main.c:239:6:TIM2_IRQHandler	8	static
../Src/main.c:249:6:EXTI9_5_IRQHandler	8	static
../Src/main.c:263:6:EXTI0_IRQHandler	24	static
../Src/main.c:280:6:EXTI1_IRQHandler	16	static
../Src/main.c:291:6:EXTI4_IRQHandler	24	static
../Src/main.c:311:5:main	16	static
