/home/tibi/Documents/DTU/Digital_Instrumentation/exercise_3.2-circuit/cmsis/core_cm4.h:1071:22:NVIC_EnableIRQ	16	static
/home/tibi/Documents/DTU/Digital_Instrumentation/exercise_3.2-circuit/cmsis/core_cm4.h:1156:22:NVIC_SetPriority	16	static
../Src/main.c:18:6:initTimer2	16	static
../Src/main.c:41:6:ADC_setup_pA	48	static
../Src/main.c:73:6:ADC_Calibrate	24	static
../Src/main.c:100:10:ADC_measure_PA	24	static
../Src/main.c:109:6:TIM2_IRQHandler	8	static
../Src/main.c:116:6:LCD_data_print	16	static
../Src/main.c:125:6:timer16_pwm_init	40	static
../Src/main.c:151:6:GPIO_set_AF1_PA6	16	static
../Src/main.c:165:5:main	40	static
