/home/tibi/Documents/DTU/Digital_Instrumentation/exercise_1.4-timer/cmsis/core_cm4.h:1071:22:NVIC_EnableIRQ	16	static
/home/tibi/Documents/DTU/Digital_Instrumentation/exercise_1.4-timer/cmsis/core_cm4.h:1156:22:NVIC_SetPriority	16	static
../Src/main.c:17:6:initInterrupt	24	static
../Src/main.c:85:6:initTimer	16	static
../Src/main.c:111:6:showTime	16	static
../Src/main.c:119:6:TIM2_IRQHandler	8	static
../Src/main.c:143:6:EXTI9_5_IRQHandler	8	static
../Src/main.c:158:6:EXTI4_IRQHandler	8	static
../Src/main.c:171:5:main	8	static
