/home/tibi/Documents/DTU/Digital_Instrumentation/exercise_2.5-abs/cmsis/core_cm4.h:1071:22:NVIC_EnableIRQ	16	static
/home/tibi/Documents/DTU/Digital_Instrumentation/exercise_2.5-abs/cmsis/core_cm4.h:1156:22:NVIC_SetPriority	16	static
../Src/main.c:15:6:initTimer	16	static
../Src/main.c:38:6:ADC_setup_pA	48	static
../Src/main.c:70:6:ADC_Calibrate	24	static
../Src/main.c:97:10:ADC_measure_PA	24	static
../Src/main.c:106:6:TIM2_IRQHandler	8	static
../Src/main.c:113:6:LCD_data_print	16	static
../Src/main.c:131:5:main	8	static
